Archive member included because of file (symbol)

c:/altera/11.0sp1/nios2eds/bin/gnu/h-i686-mingw32/bin/../lib/gcc/nios2-elf/4.1.2/../../../../nios2-elf/lib\libc.a(lib_a-printf.o)
                              obj/hello_ucosii.o (printf)
c:/altera/11.0sp1/nios2eds/bin/gnu/h-i686-mingw32/bin/../lib/gcc/nios2-elf/4.1.2/../../../../nios2-elf/lib\libc.a(lib_a-sprintf.o)
                              obj/hello_ucosii.o (sprintf)
c:/altera/11.0sp1/nios2eds/bin/gnu/h-i686-mingw32/bin/../lib/gcc/nios2-elf/4.1.2/../../../../nios2-elf/lib\libc.a(lib_a-vfprintf.o)
                              c:/altera/11.0sp1/nios2eds/bin/gnu/h-i686-mingw32/bin/../lib/gcc/nios2-elf/4.1.2/../../../../nios2-elf/lib\libc.a(lib_a-printf.o) (___vfprintf_internal_r)
c:/altera/11.0sp1/nios2eds/bin/gnu/h-i686-mingw32/bin/../lib/gcc/nios2-elf/4.1.2/../../../../nios2-elf/lib\libc.a(lib_a-wsetup.o)
                              c:/altera/11.0sp1/nios2eds/bin/gnu/h-i686-mingw32/bin/../lib/gcc/nios2-elf/4.1.2/../../../../nios2-elf/lib\libc.a(lib_a-vfprintf.o) (__swsetup_r)
c:/altera/11.0sp1/nios2eds/bin/gnu/h-i686-mingw32/bin/../lib/gcc/nios2-elf/4.1.2/../../../../nios2-elf/lib\libc.a(lib_a-dtoa.o)
                              c:/altera/11.0sp1/nios2eds/bin/gnu/h-i686-mingw32/bin/../lib/gcc/nios2-elf/4.1.2/../../../../nios2-elf/lib\libc.a(lib_a-vfprintf.o) (_dtoa_r)
c:/altera/11.0sp1/nios2eds/bin/gnu/h-i686-mingw32/bin/../lib/gcc/nios2-elf/4.1.2/../../../../nios2-elf/lib\libc.a(lib_a-fflush.o)
                              c:/altera/11.0sp1/nios2eds/bin/gnu/h-i686-mingw32/bin/../lib/gcc/nios2-elf/4.1.2/../../../../nios2-elf/lib\libc.a(lib_a-vfprintf.o) (_fflush_r)
c:/altera/11.0sp1/nios2eds/bin/gnu/h-i686-mingw32/bin/../lib/gcc/nios2-elf/4.1.2/../../../../nios2-elf/lib\libc.a(lib_a-findfp.o)
                              c:/altera/11.0sp1/nios2eds/bin/gnu/h-i686-mingw32/bin/../lib/gcc/nios2-elf/4.1.2/../../../../nios2-elf/lib\libc.a(lib_a-vfprintf.o) (__sinit)
c:/altera/11.0sp1/nios2eds/bin/gnu/h-i686-mingw32/bin/../lib/gcc/nios2-elf/4.1.2/../../../../nios2-elf/lib\libc.a(lib_a-freer.o)
                              c:/altera/11.0sp1/nios2eds/bin/gnu/h-i686-mingw32/bin/../lib/gcc/nios2-elf/4.1.2/../../../../nios2-elf/lib\libc.a(lib_a-wsetup.o) (_free_r)
c:/altera/11.0sp1/nios2eds/bin/gnu/h-i686-mingw32/bin/../lib/gcc/nios2-elf/4.1.2/../../../../nios2-elf/lib\libc.a(lib_a-fvwrite.o)
                              c:/altera/11.0sp1/nios2eds/bin/gnu/h-i686-mingw32/bin/../lib/gcc/nios2-elf/4.1.2/../../../../nios2-elf/lib\libc.a(lib_a-vfprintf.o) (__sfvwrite_r)
c:/altera/11.0sp1/nios2eds/bin/gnu/h-i686-mingw32/bin/../lib/gcc/nios2-elf/4.1.2/../../../../nios2-elf/lib\libc.a(lib_a-fwalk.o)
                              c:/altera/11.0sp1/nios2eds/bin/gnu/h-i686-mingw32/bin/../lib/gcc/nios2-elf/4.1.2/../../../../nios2-elf/lib\libc.a(lib_a-fflush.o) (_fwalk_reent)
c:/altera/11.0sp1/nios2eds/bin/gnu/h-i686-mingw32/bin/../lib/gcc/nios2-elf/4.1.2/../../../../nios2-elf/lib\libc.a(lib_a-impure.o)
                              c:/altera/11.0sp1/nios2eds/bin/gnu/h-i686-mingw32/bin/../lib/gcc/nios2-elf/4.1.2/../../../../nios2-elf/lib\libc.a(lib_a-printf.o) (_impure_ptr)
c:/altera/11.0sp1/nios2eds/bin/gnu/h-i686-mingw32/bin/../lib/gcc/nios2-elf/4.1.2/../../../../nios2-elf/lib\libc.a(lib_a-locale.o)
                              c:/altera/11.0sp1/nios2eds/bin/gnu/h-i686-mingw32/bin/../lib/gcc/nios2-elf/4.1.2/../../../../nios2-elf/lib\libc.a(lib_a-vfprintf.o) (_localeconv_r)
c:/altera/11.0sp1/nios2eds/bin/gnu/h-i686-mingw32/bin/../lib/gcc/nios2-elf/4.1.2/../../../../nios2-elf/lib\libc.a(lib_a-makebuf.o)
                              c:/altera/11.0sp1/nios2eds/bin/gnu/h-i686-mingw32/bin/../lib/gcc/nios2-elf/4.1.2/../../../../nios2-elf/lib\libc.a(lib_a-wsetup.o) (__smakebuf_r)
c:/altera/11.0sp1/nios2eds/bin/gnu/h-i686-mingw32/bin/../lib/gcc/nios2-elf/4.1.2/../../../../nios2-elf/lib\libc.a(lib_a-mallocr.o)
                              c:/altera/11.0sp1/nios2eds/bin/gnu/h-i686-mingw32/bin/../lib/gcc/nios2-elf/4.1.2/../../../../nios2-elf/lib\libc.a(lib_a-findfp.o) (_malloc_r)
c:/altera/11.0sp1/nios2eds/bin/gnu/h-i686-mingw32/bin/../lib/gcc/nios2-elf/4.1.2/../../../../nios2-elf/lib\libc.a(lib_a-memchr.o)
                              c:/altera/11.0sp1/nios2eds/bin/gnu/h-i686-mingw32/bin/../lib/gcc/nios2-elf/4.1.2/../../../../nios2-elf/lib\libc.a(lib_a-vfprintf.o) (memchr)
c:/altera/11.0sp1/nios2eds/bin/gnu/h-i686-mingw32/bin/../lib/gcc/nios2-elf/4.1.2/../../../../nios2-elf/lib\libc.a(lib_a-memcpy.o)
                              c:/altera/11.0sp1/nios2eds/bin/gnu/h-i686-mingw32/bin/../lib/gcc/nios2-elf/4.1.2/../../../../nios2-elf/lib\libc.a(lib_a-dtoa.o) (memcpy)
c:/altera/11.0sp1/nios2eds/bin/gnu/h-i686-mingw32/bin/../lib/gcc/nios2-elf/4.1.2/../../../../nios2-elf/lib\libc.a(lib_a-memmove.o)
                              c:/altera/11.0sp1/nios2eds/bin/gnu/h-i686-mingw32/bin/../lib/gcc/nios2-elf/4.1.2/../../../../nios2-elf/lib\libc.a(lib_a-fvwrite.o) (memmove)
[...]
Memory Configuration

Name             Origin             Length             Attributes
reset            0x00000000         0x00000020
epcs             0x00000020         0x000007e0
sdram_BEFORE_EXCEPTION 0x04000000         0x00000020
sdram            0x04000020         0x01ffffe0
*default*        0x00000000         0xffffffff

Linker script and memory map

LOAD ../lab1_bsp//obj/HAL/src/crt0.o
LOAD obj/hello_ucosii.o
LOAD c:/altera/11.0sp1/nios2eds/bin/gnu/h-i686-mingw32/bin/../lib/gcc/nios2-elf/4.1.2/../../../../nios2-elf/lib\libstdc++.a
LOAD c:/altera/11.0sp1/nios2eds/bin/gnu/h-i686-mingw32/bin/../lib/gcc/nios2-elf/4.1.2/../../../../nios2-elf/lib\libm.a
LOAD c:/altera/11.0sp1/nios2eds/bin/gnu/h-i686-mingw32/bin/../lib/gcc/nios2-elf/4.1.2\libgcc.a
START GROUP
LOAD c:/altera/11.0sp1/nios2eds/bin/gnu/h-i686-mingw32/bin/../lib/gcc/nios2-elf/4.1.2/../../../../nios2-elf/lib\libc.a
LOAD c:/altera/11.0sp1/nios2eds/bin/gnu/h-i686-mingw32/bin/../lib/gcc/nios2-elf/4.1.2\libgcc.a
LOAD ../lab1_bsp/\libucosii_bsp.a
END GROUP
LOAD c:/altera/11.0sp1/nios2eds/bin/gnu/h-i686-mingw32/bin/../lib/gcc/nios2-elf/4.1.2\libgcc.a
                0x00000000                __alt_mem_epcs = 0x0
                0x04000000                __alt_mem_sdram = 0x4000000

.entry          0x00000000        0x0
 *(.entry)
 .entry         0x00000000        0x0 ../lab1_bsp//obj/HAL/src/crt0.o
                0x00000000                __reset

.exceptions     0x04000020      0x19c
                0x04000020                PROVIDE (__ram_exceptions_start, ABSOLUTE (.))
                0x04000020                . = ALIGN (0x20)
 *(.irq)
 *(.exceptions.entry.label)
 .exceptions.entry.label
                0x04000020        0x0 ../lab1_bsp/\libucosii_bsp.a(alt_irq_entry.o)
                0x04000020                alt_irq_entry
 .exceptions.entry.label
                0x04000020        0x0 ../lab1_bsp/\libucosii_bsp.a(alt_exception_entry.o)
                0x04000020                alt_exception
 *(.exceptions.entry.user)
 *(.exceptions.entry)
 .exceptions.entry
                0x04000020       0x54 ../lab1_bsp/\libucosii_bsp.a(alt_exception_entry.o)
 *(.exceptions.irqtest.user)
 *(.exceptions.irqtest)
 .exceptions.irqtest
                0x04000074       0x10 ../lab1_bsp/\libucosii_bsp.a(alt_irq_entry.o)
 *(.exceptions.irqhandler.user)
 *(.exceptions.irqhandler)
 .exceptions.irqhandler
                0x04000084        0x4 ../lab1_bsp/\libucosii_bsp.a(alt_irq_entry.o)
 *(.exceptions.irqreturn.user)
 *(.exceptions.irqreturn)
 .exceptions.irqreturn
                0x04000088        0x4 ../lab1_bsp/\libucosii_bsp.a(alt_irq_entry.o)
 *(.exceptions.notirq.label)
 .exceptions.notirq.label
                0x0400008c        0x0 ../lab1_bsp/\libucosii_bsp.a(alt_irq_entry.o)
 *(.exceptions.notirq.user)
 *(.exceptions.notirq)
 .exceptions.notirq
                0x0400008c        0x8 ../lab1_bsp/\libucosii_bsp.a(alt_exception_entry.o)
 *(.exceptions.soft.user)
 *(.exceptions.soft)
 *(.exceptions.unknown.user)
 *(.exceptions.unknown)
 .exceptions.unknown
                0x04000094        0x4 ../lab1_bsp/\libucosii_bsp.a(alt_exception_entry.o)
 *(.exceptions.exit.label)
 .exceptions.exit.label
                0x04000098        0x0 ../lab1_bsp/\libucosii_bsp.a(alt_irq_entry.o)
 .exceptions.exit.label
                0x04000098        0x0 ../lab1_bsp/\libucosii_bsp.a(alt_exception_entry.o)
 *(.exceptions.exit.user)
 *(.exceptions.exit)
 .exceptions.exit
                0x04000098       0x54 ../lab1_bsp/\libucosii_bsp.a(alt_exception_entry.o)
 *(.exceptions)
 .exceptions    0x040000ec       0xd0 ../lab1_bsp/\libucosii_bsp.a(alt_irq_handler.o)
                0x040000ec                alt_irq_handler
                0x040001bc                PROVIDE (__ram_exceptions_end, ABSOLUTE (.))
                0x04000020                PROVIDE (__flash_exceptions_start, LOADADDR (.exceptions))

.text           0x040001bc    0x16488
                0x040001bc                PROVIDE (stext, ABSOLUTE (.))
 *(.interp)
 *(.hash)
 *(.dynsym)
 *(.dynstr)
 *(.gnu.version)
 *(.gnu.version_d)
 *(.gnu.version_r)
 *(.rel.init)
 *(.rela.init)
 *(.rel.text .rel.text.* .rel.gnu.linkonce.t.*)
 *(.rela.text .rela.text.* .rela.gnu.linkonce.t.*)
 *(.rel.fini)
 *(.rela.fini)
 *(.rel.rodata .rel.rodata.* .rel.gnu.linkonce.r.*)
 *(.rela.rodata .rela.rodata.* .rela.gnu.linkonce.r.*)
 *(.rel.data .rel.data.* .rel.gnu.linkonce.d.*)
 *(.rela.data .rela.data.* .rela.gnu.linkonce.d.*)
 *(.rel.tdata .rel.tdata.* .rel.gnu.linkonce.td.*)
 *(.rela.tdata .rela.tdata.* .rela.gnu.linkonce.td.*)
 *(.rel.tbss .rel.tbss.* .rel.gnu.linkonce.tb.*)
 *(.rela.tbss .rela.tbss.* .rela.gnu.linkonce.tb.*)
 *(.rel.ctors)
 *(.rela.ctors)
 *(.rel.dtors)
 *(.rela.dtors)
 *(.rel.got)
 *(.rela.got)
 *(.rel.sdata .rel.sdata.* .rel.gnu.linkonce.s.*)
 *(.rela.sdata .rela.sdata.* .rela.gnu.linkonce.s.*)
 *(.rel.sbss .rel.sbss.* .rel.gnu.linkonce.sb.*)
 *(.rela.sbss .rela.sbss.* .rela.gnu.linkonce.sb.*)
 *(.rel.sdata2 .rel.sdata2.* .rel.gnu.linkonce.s2.*)
 *(.rela.sdata2 .rela.sdata2.* .rela.gnu.linkonce.s2.*)
 *(.rel.sbss2 .rel.sbss2.* .rel.gnu.linkonce.sb2.*)
 *(.rela.sbss2 .rela.sbss2.* .rela.gnu.linkonce.sb2.*)
 *(.rel.bss .rel.bss.* .rel.gnu.linkonce.b.*)
 *(.rela.bss .rela.bss.* .rela.gnu.linkonce.b.*)
 *(.rel.plt)
 *(.rela.plt)
 *(.rel.dyn)
 *(.init)
 *(.plt)
 *(.text .stub .text.* .gnu.linkonce.t.*)
 .text          0x040001bc       0x38 ../lab1_bsp//obj/HAL/src/crt0.o
                0x040001bc                _start
 .text          0x040001f4      0x45c obj/hello_ucosii.o
                0x040001f4                main
                0x04000240                TaskStart
                0x04000404                PeriodTask
 .text          0x04000650       0x78 c:/altera/11.0sp1/nios2eds/bin/gnu/h-i686-mingw32/bin/../lib/gcc/nios2-elf/4.1.2/../../../../nios2-elf/lib\libc.a(lib_a-printf.o)
                0x04000650                printf
                0x04000694                _printf_r
 .text          0x040006c8       0xd4 c:/altera/11.0sp1/nios2eds/bin/gnu/h-i686-mingw32/bin/../lib/gcc/nios2-elf/4.1.2/../../../../nios2-elf/lib\libc.a(lib_a-sprintf.o)
                0x040006c8                sprintf
                0x0400073c                _sprintf_r
 .text          0x0400079c     0x1f28 c:/altera/11.0sp1/nios2eds/bin/gnu/h-i686-mingw32/bin/../lib/gcc/nios2-elf/4.1.2/../../../../nios2-elf/lib\libc.a(lib_a-vfprintf.o)
                0x040007f4                ___vfprintf_internal_r
                0x040026a0                __vfprintf_internal
 .text          0x040026c4      0x13c c:/altera/11.0sp1/nios2eds/bin/gnu/h-i686-mingw32/bin/../lib/gcc/nios2-elf/4.1.2/../../../../nios2-elf/lib\libc.a(lib_a-wsetup.o)
                0x040026c4                __swsetup_r
 .text          0x04002800     0x17cc c:/altera/11.0sp1/nios2eds/bin/gnu/h-i686-mingw32/bin/../lib/gcc/nios2-elf/4.1.2/../../../../nios2-elf/lib\libc.a(lib_a-dtoa.o)
                0x04002a18                _dtoa_r
 .text          0x04003fcc      0x230 c:/altera/11.0sp1/nios2eds/bin/gnu/h-i686-mingw32/bin/../lib/gcc/nios2-elf/4.1.2/../../../../nios2-elf/lib\libc.a(lib_a-fflush.o)
                0x04003fcc                _fflush_r
                0x040041c8                fflush
 .text          0x040041fc      0x2c0 c:/altera/11.0sp1/nios2eds/bin/gnu/h-i686-mingw32/bin/../lib/gcc/nios2-elf/4.1.2/../../../../nios2-elf/lib\libc.a(lib_a-findfp.o)
                0x04004254                __sfp_lock_acquire
                0x04004258                __sfp_lock_release
                0x0400425c                __sinit_lock_acquire
                0x04004260                __sinit_lock_release
                0x04004264                __sinit
                0x04004318                __fp_unlock_all
                0x04004330                __fp_lock_all
                0x04004348                _cleanup_r
                0x04004354                _cleanup
                0x04004364                __sfmoreglue
                0x040043cc                __sfp
 .text          0x040044bc      0x440 c:/altera/11.0sp1/nios2eds/bin/gnu/h-i686-mingw32/bin/../lib/gcc/nios2-elf/4.1.2/../../../../nios2-elf/lib\libc.a(lib_a-freer.o)
                0x040044bc                _malloc_trim_r
                0x040045e8                _free_r
 .text          0x040048fc      0x49c c:/altera/11.0sp1/nios2eds/bin/gnu/h-i686-mingw32/bin/../lib/gcc/nios2-elf/4.1.2/../../../../nios2-elf/lib\libc.a(lib_a-fvwrite.o)
                0x040048fc                __sfvwrite_r
 .text          0x04004d98      0x180 c:/altera/11.0sp1/nios2eds/bin/gnu/h-i686-mingw32/bin/../lib/gcc/nios2-elf/4.1.2/../../../../nios2-elf/lib\libc.a(lib_a-fwalk.o)
                0x04004d98                _fwalk_reent
                0x04004e60                _fwalk
 .text          0x04004f18        0x0 c:/altera/11.0sp1/nios2eds/bin/gnu/h-i686-mingw32/bin/../lib/gcc/nios2-elf/4.1.2/../../../../nios2-elf/lib\libc.a(lib_a-impure.o)
 .text          0x04004f18       0xc4 c:/altera/11.0sp1/nios2eds/bin/gnu/h-i686-mingw32/bin/../lib/gcc/nios2-elf/4.1.2/../../../../nios2-elf/lib\libc.a(lib_a-locale.o)
                0x04004f18                __locale_charset
                0x04004f20                _localeconv_r
                0x04004f2c                localeconv
                0x04004f3c                _setlocale_r
                0x04004fc0                setlocale
 .text          0x04004fdc      0x194 c:/altera/11.0sp1/nios2eds/bin/gnu/h-i686-mingw32/bin/../lib/gcc/nios2-elf/4.1.2/../../../../nios2-elf/lib\libc.a(lib_a-makebuf.o)
                0x04004fdc                __smakebuf_r
 .text          0x04005170      0x740 c:/altera/11.0sp1/nios2eds/bin/gnu/h-i686-mingw32/bin/../lib/gcc/nios2-elf/4.1.2/../../../../nios2-elf/lib\libc.a(lib_a-mallocr.o)
                0x04005170                _malloc_r
 .text          0x040058b0       0xe4 c:/altera/11.0sp1/nios2eds/bin/gnu/h-i686-mingw32/bin/../lib/gcc/nios2-elf/4.1.2/../../../../nios2-elf/lib\libc.a(lib_a-memchr.o)
                0x040058b0                memchr
 .text          0x04005994       0xa0 c:/altera/11.0sp1/nios2eds/bin/gnu/h-i686-mingw32/bin/../lib/gcc/nios2-elf/4.1.2/../../../../nios2-elf/lib\libc.a(lib_a-memcpy.o)
                0x04005994                memcpy
 .text          0x04005a34       0xe0 c:/altera/11.0sp1/nios2eds/bin/gnu/h-i686-mingw32/bin/../lib/gcc/nios2-elf/4.1.2/../../../../nios2-elf/lib\libc.a(lib_a-memmove.o)
                0x04005a34                memmove
 .text          0x04005b14       0x98 c:/altera/11.0sp1/nios2eds/bin/gnu/h-i686-mingw32/bin/../lib/gcc/nios2-elf/4.1.2/../../../../nios2-elf/lib\libc.a(lib_a-memset.o)
                0x04005b14                memset
 .text          0x04005bac      0xff4 c:/altera/11.0sp1/nios2eds/bin/gnu/h-i686-mingw32/bin/../lib/gcc/nios2-elf/4.1.2/../../../../nios2-elf/lib\libc.a(lib_a-mprec.o)
                0x04005bac                _Bfree
                0x04005bd4                __hi0bits
                0x04005c44                __lo0bits
                0x04005d08                __mcmp
                0x04005d68                __ulp
                0x04005de8                __b2d
                0x04005f08                __ratio
                0x04005fb8                _mprec_log10
                0x0400604c                __copybits
                0x040060a4                __any_on
                0x0400612c                _Balloc
                0x040061e8                __d2b
                0x04006364                __mdiff
                0x040064f0                __lshift
                0x0400663c                __multiply
                0x04006824                __i2b
                0x04006860                __multadd
                0x04006960                __pow5mult
                0x04006a80                __s2b
 .text          0x04006ba0      0x5f4 c:/altera/11.0sp1/nios2eds/bin/gnu/h-i686-mingw32/bin/../lib/gcc/nios2-elf/4.1.2/../../../../nios2-elf/lib\libc.a(lib_a-reallocr.o)
                0x04006ba0                _realloc_r
 .text          0x04007194       0x40 c:/altera/11.0sp1/nios2eds/bin/gnu/h-i686-mingw32/bin/../lib/gcc/nios2-elf/4.1.2/../../../../nios2-elf/lib\libc.a(lib_a-s_isinfd.o)
                0x04007194                __isinfd
 .text          0x040071d4       0x30 c:/altera/11.0sp1/nios2eds/bin/gnu/h-i686-mingw32/bin/../lib/gcc/nios2-elf/4.1.2/../../../../nios2-elf/lib\libc.a(lib_a-s_isnand.o)
                0x040071d4                __isnand
 .text          0x04007204       0x70 c:/altera/11.0sp1/nios2eds/bin/gnu/h-i686-mingw32/bin/../lib/gcc/nios2-elf/4.1.2/../../../../nios2-elf/lib\libc.a(lib_a-sbrkr.o)
                0x04007204                _sbrk_r
 .text          0x04007274      0x14c c:/altera/11.0sp1/nios2eds/bin/gnu/h-i686-mingw32/bin/../lib/gcc/nios2-elf/4.1.2/../../../../nios2-elf/lib\libc.a(lib_a-stdio.o)
                0x04007274                __sclose
                0x0400727c                __sseek
                0x040072e4                __swrite
                0x04007360                __sread
 .text          0x040073c0       0xbc c:/altera/11.0sp1/nios2eds/bin/gnu/h-i686-mingw32/bin/../lib/gcc/nios2-elf/4.1.2/../../../../nios2-elf/lib\libc.a(lib_a-strcmp.o)
                0x040073c0                strcmp
 .text          0x0400747c       0x74 c:/altera/11.0sp1/nios2eds/bin/gnu/h-i686-mingw32/bin/../lib/gcc/nios2-elf/4.1.2/../../../../nios2-elf/lib\libc.a(lib_a-strlen.o)
                0x0400747c                strlen
 .text          0x040074f0       0x78 c:/altera/11.0sp1/nios2eds/bin/gnu/h-i686-mingw32/bin/../lib/gcc/nios2-elf/4.1.2/../../../../nios2-elf/lib\libc.a(lib_a-writer.o)
                0x040074f0                _write_r
 .text          0x04007568       0xb4 c:/altera/11.0sp1/nios2eds/bin/gnu/h-i686-mingw32/bin/../lib/gcc/nios2-elf/4.1.2/../../../../nios2-elf/lib\libc.a(lib_a-callocr.o)
                0x04007568                _calloc_r
 .text          0x0400761c       0x70 c:/altera/11.0sp1/nios2eds/bin/gnu/h-i686-mingw32/bin/../lib/gcc/nios2-elf/4.1.2/../../../../nios2-elf/lib\libc.a(lib_a-closer.o)
                0x0400761c                _close_r
 .text          0x0400768c      0x124 c:/altera/11.0sp1/nios2eds/bin/gnu/h-i686-mingw32/bin/../lib/gcc/nios2-elf/4.1.2/../../../../nios2-elf/lib\libc.a(lib_a-fclose.o)
                0x0400768c                _fclose_r
                0x0400779c                fclose
 .text          0x040077b0       0x74 c:/altera/11.0sp1/nios2eds/bin/gnu/h-i686-mingw32/bin/../lib/gcc/nios2-elf/4.1.2/../../../../nios2-elf/lib\libc.a(lib_a-fstatr.o)
                0x040077b0                _fstat_r
 .text          0x04007824        0x0 c:/altera/11.0sp1/nios2eds/bin/gnu/h-i686-mingw32/bin/../lib/gcc/nios2-elf/4.1.2/../../../../nios2-elf/lib\libc.a(lib_a-int_errno.o)
 .text          0x04007824       0x70 c:/altera/11.0sp1/nios2eds/bin/gnu/h-i686-mingw32/bin/../lib/gcc/nios2-elf/4.1.2/../../../../nios2-elf/lib\libc.a(lib_a-isattyr.o)
                0x04007824                _isatty_r
 .text          0x04007894       0x78 c:/altera/11.0sp1/nios2eds/bin/gnu/h-i686-mingw32/bin/../lib/gcc/nios2-elf/4.1.2/../../../../nios2-elf/lib\libc.a(lib_a-lseekr.o)
                0x04007894                _lseek_r
 .text          0x0400790c       0x78 c:/altera/11.0sp1/nios2eds/bin/gnu/h-i686-mingw32/bin/../lib/gcc/nios2-elf/4.1.2/../../../../nios2-elf/lib\libc.a(lib_a-readr.o)
                0x0400790c                _read_r
 .text          0x04007984      0x5dc c:/altera/11.0sp1/nios2eds/bin/gnu/h-i686-mingw32/bin/../lib/gcc/nios2-elf/4.1.2\libgcc.a(_udivdi3.o)
                0x04007984                __udivdi3
 .text          0x04007f60      0x5b0 c:/altera/11.0sp1/nios2eds/bin/gnu/h-i686-mingw32/bin/../lib/gcc/nios2-elf/4.1.2\libgcc.a(_umoddi3.o)
                0x04007f60                __umoddi3
 .text          0x04008510      0x504 c:/altera/11.0sp1/nios2eds/bin/gnu/h-i686-mingw32/bin/../lib/gcc/nios2-elf/4.1.2\libgcc.a(_addsub_df.o)
                0x04008920                __subdf3
                0x040089a0                __adddf3
 .text          0x04008a14      0x3c4 c:/altera/11.0sp1/nios2eds/bin/gnu/h-i686-mingw32/bin/../lib/gcc/nios2-elf/4.1.2\libgcc.a(_mul_df.o)
                0x04008a14                __muldf3
 .text          0x04008dd8      0x258 c:/altera/11.0sp1/nios2eds/bin/gnu/h-i686-mingw32/bin/../lib/gcc/nios2-elf/4.1.2\libgcc.a(_div_df.o)
                0x04008dd8                __divdf3
 .text          0x04009030       0x88 c:/altera/11.0sp1/nios2eds/bin/gnu/h-i686-mingw32/bin/../lib/gcc/nios2-elf/4.1.2\libgcc.a(_eq_df.o)
                0x04009030                __eqdf2
 .text          0x040090b8       0x88 c:/altera/11.0sp1/nios2eds/bin/gnu/h-i686-mingw32/bin/../lib/gcc/nios2-elf/4.1.2\libgcc.a(_ne_df.o)
                0x040090b8                __nedf2
 .text          0x04009140       0x88 c:/altera/11.0sp1/nios2eds/bin/gnu/h-i686-mingw32/bin/../lib/gcc/nios2-elf/4.1.2\libgcc.a(_gt_df.o)
                0x04009140                __gtdf2
 .text          0x040091c8       0x88 c:/altera/11.0sp1/nios2eds/bin/gnu/h-i686-mingw32/bin/../lib/gcc/nios2-elf/4.1.2\libgcc.a(_ge_df.o)
                0x040091c8                __gedf2
 .text          0x04009250       0x88 c:/altera/11.0sp1/nios2eds/bin/gnu/h-i686-mingw32/bin/../lib/gcc/nios2-elf/4.1.2\libgcc.a(_lt_df.o)
                0x04009250                __ltdf2
 .text          0x040092d8       0xf8 c:/altera/11.0sp1/nios2eds/bin/gnu/h-i686-mingw32/bin/../lib/gcc/nios2-elf/4.1.2\libgcc.a(_si_to_df.o)
                0x040092d8                __floatsidf
 .text          0x040093d0       0xd8 c:/altera/11.0sp1/nios2eds/bin/gnu/h-i686-mingw32/bin/../lib/gcc/nios2-elf/4.1.2\libgcc.a(_df_to_si.o)
                0x040093d0                __fixdfsi
 .text          0x040094a8        0x0 c:/altera/11.0sp1/nios2eds/bin/gnu/h-i686-mingw32/bin/../lib/gcc/nios2-elf/4.1.2\libgcc.a(_thenan_df.o)
 .text          0x040094a8      0x194 c:/altera/11.0sp1/nios2eds/bin/gnu/h-i686-mingw32/bin/../lib/gcc/nios2-elf/4.1.2\libgcc.a(_usi_to_df.o)
                0x040094a8                __floatunsidf
 .text          0x0400963c      0x14c c:/altera/11.0sp1/nios2eds/bin/gnu/h-i686-mingw32/bin/../lib/gcc/nios2-elf/4.1.2\libgcc.a(lib2-divmod.o)
                0x040096b8                __divsi3
                0x04009718                __modsi3
                0x04009778                __udivsi3
                0x04009780                __umodsi3
 .text          0x04009788       0x98 c:/altera/11.0sp1/nios2eds/bin/gnu/h-i686-mingw32/bin/../lib/gcc/nios2-elf/4.1.2\libgcc.a(_muldi3.o)
                0x04009788                __muldi3
 .text          0x04009820        0x0 c:/altera/11.0sp1/nios2eds/bin/gnu/h-i686-mingw32/bin/../lib/gcc/nios2-elf/4.1.2\libgcc.a(_clz.o)
 .text          0x04009820       0x80 c:/altera/11.0sp1/nios2eds/bin/gnu/h-i686-mingw32/bin/../lib/gcc/nios2-elf/4.1.2\libgcc.a(_clzsi2.o)
                0x04009820                __clzsi2
 .text          0x040098a0      0x314 c:/altera/11.0sp1/nios2eds/bin/gnu/h-i686-mingw32/bin/../lib/gcc/nios2-elf/4.1.2\libgcc.a(_pack_df.o)
                0x040098a0                __pack_d
 .text          0x04009bb4      0x138 c:/altera/11.0sp1/nios2eds/bin/gnu/h-i686-mingw32/bin/../lib/gcc/nios2-elf/4.1.2\libgcc.a(_unpack_df.o)
                0x04009bb4                __unpack_d
 .text          0x04009cec       0xc8 c:/altera/11.0sp1/nios2eds/bin/gnu/h-i686-mingw32/bin/../lib/gcc/nios2-elf/4.1.2\libgcc.a(_fpcmp_parts_df.o)
                0x04009cec                __fpcmp_parts_d
 .text          0x04009db4      0x15c ../lab1_bsp/\libucosii_bsp.a(alt_close.o)
                0x04009db4                close
 .text          0x04009f10       0x2c ../lab1_bsp/\libucosii_bsp.a(alt_dev.o)
 .text          0x04009f3c        0x0 ../lab1_bsp/\libucosii_bsp.a(alt_errno.o)
 .text          0x04009f3c      0x134 ../lab1_bsp/\libucosii_bsp.a(alt_fstat.o)
                0x04009f3c                fstat
 .text          0x0400a070      0x120 ../lab1_bsp/\libucosii_bsp.a(alt_isatty.o)
                0x0400a070                isatty
 .text          0x0400a190      0x150 ../lab1_bsp/\libucosii_bsp.a(alt_lseek.o)
                0x0400a190                lseek
 .text          0x0400a2e0       0xc8 ../lab1_bsp/\libucosii_bsp.a(alt_main.o)
                0x0400a2e0                alt_main
 .text          0x0400a3a8      0x180 ../lab1_bsp/\libucosii_bsp.a(alt_read.o)
                0x0400a3a8                read
 .text          0x0400a528       0x60 ../lab1_bsp/\libucosii_bsp.a(alt_release_fd.o)
                0x0400a528                alt_release_fd
 .text          0x0400a588       0xbc ../lab1_bsp/\libucosii_bsp.a(alt_sbrk.o)
                0x0400a588                sbrk
 .text          0x0400a644      0x180 ../lab1_bsp/\libucosii_bsp.a(alt_write.o)
                0x0400a644                write
 .text          0x0400a7c4      0x108 ../lab1_bsp/\libucosii_bsp.a(alt_env_lock.o)
                0x0400a7c4                __env_lock
                0x0400a870                __env_unlock
 .text          0x0400a8cc      0x1d8 ../lab1_bsp/\libucosii_bsp.a(alt_malloc_lock.o)
                0x0400a8cc                __malloc_lock
                0x0400a9d4                __malloc_unlock
 .text          0x0400aaa4     0x2258 ../lab1_bsp/\libucosii_bsp.a(os_core.o)
                0x0400aaa4                OSEventNameGet
                0x0400abd4                OSEventNameSet
                0x0400ad18                OSEventPendMulti
                0x0400b3cc                OSInit
                0x0400b420                OSIntEnter
                0x0400b49c                OSIntExit
                0x0400b614                OSSchedLock
                0x0400b6a0                OSSchedUnlock
                0x0400b784                OSStart
                0x0400b7f4                OSStatInit
                0x0400b8a0                OSTimeTick
                0x0400bb20                OSVersion
                0x0400bb40                OS_Dummy
                0x0400bb5c                OS_EventTaskRdy
                0x0400bcf0                OS_EventTaskWait
                0x0400be00                OS_EventTaskWaitMulti
                0x0400bf54                OS_EventTaskRemove
                0x0400c00c                OS_EventTaskRemoveMulti
                0x0400c110                OS_EventWaitListInit
                0x0400c4dc                OS_MemClr
                0x0400c530                OS_MemCopy
                0x0400c59c                OS_Sched
                0x0400c758                OS_StrCopy
                0x0400c7d8                OS_StrLen
                0x0400c830                OS_TaskIdle
                0x0400c88c                OS_TaskStat
                0x0400c954                OS_TaskStatStkChk
                0x0400ca1c                OS_TCBInit
 .text          0x0400ccfc      0x18c ../lab1_bsp/\libucosii_bsp.a(os_dbg.o)
                0x0400ccfc                OSDebugInit
 .text          0x0400ce88     0x193c ../lab1_bsp/\libucosii_bsp.a(os_flag.o)
                0x0400ce88                OSFlagAccept
                0x0400d1bc                OSFlagCreate
                0x0400d2f8                OSFlagDel
                0x0400d5a0                OSFlagNameGet
                0x0400d6e4                OSFlagNameSet
                0x0400d838                OSFlagPend
                0x0400de7c                OSFlagPendGetFlagsRdy
                0x0400dee4                OSFlagPost
                0x0400e28c                OSFlagQuery
                0x0400e524                OS_FlagInit
                0x0400e718                OS_FlagUnlink
 .text          0x0400e7c4      0x808 ../lab1_bsp/\libucosii_bsp.a(os_mem.o)
                0x0400e7c4                OSMemCreate
                0x0400e9e0                OSMemGet
                0x0400eae4                OSMemNameGet
                0x0400ebf0                OSMemNameSet
                0x0400ed10                OSMemPut
                0x0400ee00                OSMemQuery
                0x0400eefc                OS_MemInit
 .text          0x0400efcc     0x1334 ../lab1_bsp/\libucosii_bsp.a(os_q.o)
                0x0400efcc                OSQAccept
                0x0400f120                OSQCreate
                0x0400f334                OSQDel
                0x0400f634                OSQFlush
                0x0400f6fc                OSQPend
                0x0400fa1c                OSQPendAbort
                0x0400fb98                OSQPost
                0x0400fd18                OSQPostFront
                0x0400fea0                OSQPostOpt
                0x040100d4                OSQQuery
                0x04010254                OS_QInit
 .text          0x04010300      0xbc8 ../lab1_bsp/\libucosii_bsp.a(os_sem.o)
                0x04010300                OSSemAccept
                0x040103c0                OSSemCreate
                0x040104d4                OSSemDel
                0x04010774                OSSemPend
                0x040109f0                OSSemPendAbort
                0x04010b6c                OSSemPost
                0x04010c94                OSSemQuery
                0x04010dc4                OSSemSet
 .text          0x04010ec8     0x1a40 ../lab1_bsp/\libucosii_bsp.a(os_task.o)
                0x04010ec8                OSTaskChangePrio
                0x0401143c                OSTaskCreate
                0x04011610                OSTaskCreateExt
                0x04011810                OSTaskDel
                0x04011c1c                OSTaskDelReq
                0x04011d8c                OSTaskNameGet
                0x04011f44                OSTaskNameSet
                0x04012108                OSTaskResume
                0x04012320                OSTaskStkChk
                0x0401251c                OSTaskSuspend
                0x04012748                OSTaskQuery
                0x0401288c                OS_TaskStkClr
 .text          0x04012908      0x59c ../lab1_bsp/\libucosii_bsp.a(os_time.o)
                0x04012908                OSTimeDly
                0x04012a54                OSTimeDlyHMSM
                0x04012bcc                OSTimeDlyResume
                0x04012ddc                OSTimeGet
                0x04012e40                OSTimeSet
 .text          0x04012ea4       0xd0 ../lab1_bsp/\libucosii_bsp.a(alt_sys_init.o)
                0x04012ea4                alt_irq_init
                0x04012ed8                alt_sys_init
 .text          0x04012f74      0x934 ../lab1_bsp/\libucosii_bsp.a(altera_avalon_epcs_flash_controller.o)
                0x04012f74                alt_epcs_flash_init
                0x040132f4                alt_epcs_flash_write
                0x04013574                alt_epcs_flash_get_info
                0x04013604                alt_epcs_flash_erase_block
                0x0401370c                alt_epcs_flash_write_block
                0x0401381c                alt_epcs_flash_read
 .text          0x040138a8      0x148 ../lab1_bsp/\libucosii_bsp.a(altera_avalon_jtag_uart_fd.o)
                0x040138a8                altera_avalon_jtag_uart_read_fd
                0x04013900                altera_avalon_jtag_uart_write_fd
                0x04013958                altera_avalon_jtag_uart_close_fd
                0x040139a0                altera_avalon_jtag_uart_ioctl_fd
 .text          0x040139f0      0x584 ../lab1_bsp/\libucosii_bsp.a(altera_avalon_jtag_uart_init.o)
                0x040139f0                altera_avalon_jtag_uart_init
                0x04013f00                altera_avalon_jtag_uart_close
 .text          0x04013f74       0xf4 ../lab1_bsp/\libucosii_bsp.a(altera_avalon_jtag_uart_ioctl.o)
                0x04013f74                altera_avalon_jtag_uart_ioctl
 .text          0x04014068      0x2c0 ../lab1_bsp/\libucosii_bsp.a(altera_avalon_jtag_uart_read.o)
                0x04014068                altera_avalon_jtag_uart_read
 .text          0x04014328      0x2dc ../lab1_bsp/\libucosii_bsp.a(altera_avalon_jtag_uart_write.o)
                0x04014328                altera_avalon_jtag_uart_write
 .text          0x04014604      0x100 ../lab1_bsp/\libucosii_bsp.a(altera_avalon_timer_sc.o)
                0x04014674                alt_avalon_timer_sc_init
 .text          0x04014704      0x460 ../lab1_bsp/\libucosii_bsp.a(epcs_commands.o)
                0x04014704                epcs_read_status_register
                0x04014764                epcs_sector_erase
                0x04014850                epcs_read_buffer
                0x04014904                epcs_write_enable
                0x04014954                epcs_write_status_register
                0x040149b8                epcs_write_buffer
                0x04014a90                epcs_read_electronic_signature
                0x04014afc                epcs_read_device_id
 .text          0x04014b64      0x154 ../lab1_bsp/\libucosii_bsp.a(alt_alarm_start.o)
                0x04014b64                alt_alarm_start
 .text          0x04014cb8      0x114 ../lab1_bsp/\libucosii_bsp.a(alt_dev_llist_insert.o)
                0x04014cb8                alt_dev_llist_insert
 .text          0x04014dcc       0x64 ../lab1_bsp/\libucosii_bsp.a(alt_do_ctors.o)
                0x04014dcc                _do_ctors
 .text          0x04014e30       0x64 ../lab1_bsp/\libucosii_bsp.a(alt_do_dtors.o)
                0x04014e30                _do_dtors
 .text          0x04014e94       0xd0 ../lab1_bsp/\libucosii_bsp.a(alt_flash_dev.o)
                0x04014e94                alt_flash_open_dev
                0x04014f10                alt_flash_close_dev
 .text          0x04014f64      0x1d4 ../lab1_bsp/\libucosii_bsp.a(alt_iic.o)
                0x04014f64                alt_ic_isr_register
                0x04014fb4                alt_ic_irq_enable
                0x04015050                alt_ic_irq_disable
                0x040150f0                alt_ic_irq_enabled
 .text          0x04015138       0xf8 ../lab1_bsp/\libucosii_bsp.a(alt_iic_isr_register.o)
                0x04015138                alt_iic_isr_register
 .text          0x04015230      0x13c ../lab1_bsp/\libucosii_bsp.a(alt_io_redirect.o)
                0x040152f4                alt_io_redirect
 .text          0x0401536c        0x0 ../lab1_bsp/\libucosii_bsp.a(alt_irq_entry.o)
 .text          0x0401536c        0x0 ../lab1_bsp/\libucosii_bsp.a(alt_irq_handler.o)
 .text          0x0401536c        0x0 ../lab1_bsp/\libucosii_bsp.a(alt_irq_vars.o)
 .text          0x0401536c      0x2c4 ../lab1_bsp/\libucosii_bsp.a(alt_open.o)
                0x04015448                open
 .text          0x04015630      0x1a8 ../lab1_bsp/\libucosii_bsp.a(alt_tick.o)
                0x04015630                alt_alarm_stop
                0x040156c8                alt_tick
 .text          0x040157d8       0x20 ../lab1_bsp/\libucosii_bsp.a(altera_nios2_irq.o)
                0x040157d8                altera_nios2_irq_init
 .text          0x040157f8       0xd0 ../lab1_bsp/\libucosii_bsp.a(os_cpu_a.o)
                0x040157f8                OSCtxSw
                0x040157f8                OSIntCtxSw
                0x04015884                OSStartHighRdy
                0x040158a4                OSStartTsk
 .text          0x040158c8      0x418 ../lab1_bsp/\libucosii_bsp.a(os_cpu_c.o)
                0x040158c8                OSTaskStkInit
                0x04015bd8                OSTaskCreateHook
                0x04015bf8                OSTaskDelHook
                0x04015c18                OSTaskSwHook
                0x04015c34                OSTaskStatHook
                0x04015c50                OSTimeTickHook
                0x04015c6c                OSInitHookBegin
                0x04015c88                OSInitHookEnd
                0x04015ca4                OSTaskIdleHook
                0x04015cc0                OSTCBInitHook
 .text          0x04015ce0      0x238 ../lab1_bsp/\libucosii_bsp.a(altera_avalon_spi.o)
                0x04015ce0                alt_avalon_spi_command
 .text          0x04015f18        0x0 ../lab1_bsp/\libucosii_bsp.a(alt_exception_entry.o)
 .text          0x04015f18       0x94 ../lab1_bsp/\libucosii_bsp.a(alt_find_dev.o)
                0x04015f18                alt_find_dev
 .text          0x04015fac      0x120 ../lab1_bsp/\libucosii_bsp.a(alt_find_file.o)
                0x04015fac                alt_find_file
 .text          0x040160cc       0xf4 ../lab1_bsp/\libucosii_bsp.a(alt_get_fd.o)
                0x040160cc                alt_get_fd
 .text          0x040161c0       0x14 c:/altera/11.0sp1/nios2eds/bin/gnu/h-i686-mingw32/bin/../lib/gcc/nios2-elf/4.1.2/../../../../nios2-elf/lib\libc.a(lib_a-atexit.o)
                0x040161c0                atexit
 .text          0x040161d4       0x38 c:/altera/11.0sp1/nios2eds/bin/gnu/h-i686-mingw32/bin/../lib/gcc/nios2-elf/4.1.2/../../../../nios2-elf/lib\libc.a(lib_a-exit.o)
                0x040161d4                exit
 .text          0x0401620c       0x74 c:/altera/11.0sp1/nios2eds/bin/gnu/h-i686-mingw32/bin/../lib/gcc/nios2-elf/4.1.2/../../../../nios2-elf/lib\libc.a(lib_a-memcmp.o)
                0x0401620c                memcmp
 .text          0x04016280      0x134 c:/altera/11.0sp1/nios2eds/bin/gnu/h-i686-mingw32/bin/../lib/gcc/nios2-elf/4.1.2/../../../../nios2-elf/lib\libc.a(lib_a-__atexit.o)
                0x04016280                __register_exitproc
 .text          0x040163b4      0x1b4 c:/altera/11.0sp1/nios2eds/bin/gnu/h-i686-mingw32/bin/../lib/gcc/nios2-elf/4.1.2/../../../../nios2-elf/lib\libc.a(lib_a-__call_atexit.o)
                0x040163b8                __call_exitprocs
 .text          0x04016568       0x6c ../lab1_bsp/\libucosii_bsp.a(alt_exit.o)
                0x040165a8                _exit
 *(.gnu.warning.*)
 *(.fini)
                0x040165d4                PROVIDE (__etext, ABSOLUTE (.))
                0x040165d4                PROVIDE (_etext, ABSOLUTE (.))
                0x040165d4                PROVIDE (etext, ABSOLUTE (.))
 *(.eh_frame_hdr)
                0x040165d4                . = ALIGN (0x4)
                0x040165d4                PROVIDE (__preinit_array_start, ABSOLUTE (.))
 *(.preinit_array)
                0x040165d4                PROVIDE (__preinit_array_end, ABSOLUTE (.))
                0x040165d4                PROVIDE (__init_array_start, ABSOLUTE (.))
 *(.init_array)
                0x040165d4                PROVIDE (__init_array_end, ABSOLUTE (.))
                0x040165d4                PROVIDE (__fini_array_start, ABSOLUTE (.))
 *(.fini_array)
                0x040165d4                PROVIDE (__fini_array_end, ABSOLUTE (.))
 *(.eh_frame)
 .eh_frame      0x040165d4       0x40 c:/altera/11.0sp1/nios2eds/bin/gnu/h-i686-mingw32/bin/../lib/gcc/nios2-elf/4.1.2\libgcc.a(_udivdi3.o)
 .eh_frame      0x04016614       0x2c c:/altera/11.0sp1/nios2eds/bin/gnu/h-i686-mingw32/bin/../lib/gcc/nios2-elf/4.1.2\libgcc.a(_umoddi3.o)
                                 0x40 (size before relaxing)
 *(.gcc_except_table)
 *(.dynamic)
                0x04016640                PROVIDE (__CTOR_LIST__, ABSOLUTE (.))
 *(.ctors)
 *(SORT(.ctors.*))
 .ctors.65535   0x04016640        0x4 c:/altera/11.0sp1/nios2eds/bin/gnu/h-i686-mingw32/bin/../lib/gcc/nios2-elf/4.1.2/../../../../nios2-elf/lib\libc.a(lib_a-__call_atexit.o)
                0x04016644                PROVIDE (__CTOR_END__, ABSOLUTE (.))
                0x04016644                PROVIDE (__DTOR_LIST__, ABSOLUTE (.))
 *(.dtors)
 *(SORT(.dtors.*))
                0x04016644                PROVIDE (__DTOR_END__, ABSOLUTE (.))
 *(.jcr)
                0x04016644                . = ALIGN (0x4)

.rodata         0x04016644      0x4c0
                0x04016644                PROVIDE (__ram_rodata_start, ABSOLUTE (.))
                0x04016644                . = ALIGN (0x4)
 *(.rodata .rodata.* .gnu.linkonce.r.*)
 .rodata        0x04016644       0x28 obj/hello_ucosii.o
 .rodata.str1.4
                0x0401666c       0x5e c:/altera/11.0sp1/nios2eds/bin/gnu/h-i686-mingw32/bin/../lib/gcc/nios2-elf/4.1.2/../../../../nios2-elf/lib\libc.a(lib_a-vfprintf.o)
                                 0x60 (size before relaxing)
 .rodata        0x040166ca       0x20 c:/altera/11.0sp1/nios2eds/bin/gnu/h-i686-mingw32/bin/../lib/gcc/nios2-elf/4.1.2/../../../../nios2-elf/lib\libc.a(lib_a-vfprintf.o)
 *fill*         0x040166ea        0x2 00
 .rodata.str1.4
                0x040166ec       0x10 c:/altera/11.0sp1/nios2eds/bin/gnu/h-i686-mingw32/bin/../lib/gcc/nios2-elf/4.1.2/../../../../nios2-elf/lib\libc.a(lib_a-dtoa.o)
                                 0x14 (size before relaxing)
 .rodata.str1.4
                0x040166fc        0x2 c:/altera/11.0sp1/nios2eds/bin/gnu/h-i686-mingw32/bin/../lib/gcc/nios2-elf/4.1.2/../../../../nios2-elf/lib\libc.a(lib_a-impure.o)
                                  0x4 (size before relaxing)
 *fill*         0x040166fe        0x2 00
 .rodata.str1.4
                0x04016700       0x10 c:/altera/11.0sp1/nios2eds/bin/gnu/h-i686-mingw32/bin/../lib/gcc/nios2-elf/4.1.2/../../../../nios2-elf/lib\libc.a(lib_a-locale.o)
                                 0x18 (size before relaxing)
 .rodata        0x04016710       0x30 c:/altera/11.0sp1/nios2eds/bin/gnu/h-i686-mingw32/bin/../lib/gcc/nios2-elf/4.1.2/../../../../nios2-elf/lib\libc.a(lib_a-locale.o)
 .rodata        0x04016740      0x124 c:/altera/11.0sp1/nios2eds/bin/gnu/h-i686-mingw32/bin/../lib/gcc/nios2-elf/4.1.2/../../../../nios2-elf/lib\libc.a(lib_a-mprec.o)
                0x04016740                __mprec_tens
                0x04016808                __mprec_bigtens
                0x04016830                __mprec_tinytens
 .rodata        0x04016864       0x14 c:/altera/11.0sp1/nios2eds/bin/gnu/h-i686-mingw32/bin/../lib/gcc/nios2-elf/4.1.2\libgcc.a(_thenan_df.o)
                0x04016864                __thenan_df
 .rodata        0x04016878      0x100 c:/altera/11.0sp1/nios2eds/bin/gnu/h-i686-mingw32/bin/../lib/gcc/nios2-elf/4.1.2\libgcc.a(_clz.o)
                0x04016878                __clz_tab
 .rodata        0x04016978        0xc ../lab1_bsp/\libucosii_bsp.a(alt_dev.o)
 .rodata        0x04016984       0x10 ../lab1_bsp/\libucosii_bsp.a(alt_main.o)
 .rodata        0x04016994      0x150 ../lab1_bsp/\libucosii_bsp.a(os_core.o)
                0x04016994                OSUnMapTbl
 .rodata        0x04016ae4       0x1c ../lab1_bsp/\libucosii_bsp.a(alt_sys_init.o)
 .rodata        0x04016b00        0x4 ../lab1_bsp/\libucosii_bsp.a(os_cpu_c.o)
 *(.rodata1)
                0x04016b04                . = ALIGN (0x4)
                0x04016b04                PROVIDE (__ram_rodata_end, ABSOLUTE (.))
                0x04016644                PROVIDE (__flash_rodata_start, LOADADDR (.rodata))

.rwdata         0x04016b04     0x1bb0
                0x04016b04                PROVIDE (__ram_rwdata_start, ABSOLUTE (.))
                0x04016b04                . = ALIGN (0x4)
 *(.got.plt)
 *(.got)
 *(.data1)
 *(.data .data.* .gnu.linkonce.d.*)
 .data          0x04016b04        0x0 ../lab1_bsp//obj/HAL/src/crt0.o
 .data          0x04016b04        0x0 obj/hello_ucosii.o
 .data          0x04016b04        0x0 c:/altera/11.0sp1/nios2eds/bin/gnu/h-i686-mingw32/bin/../lib/gcc/nios2-elf/4.1.2/../../../../nios2-elf/lib\libc.a(lib_a-printf.o)
 .data          0x04016b04        0x0 c:/altera/11.0sp1/nios2eds/bin/gnu/h-i686-mingw32/bin/../lib/gcc/nios2-elf/4.1.2/../../../../nios2-elf/lib\libc.a(lib_a-sprintf.o)
 .data          0x04016b04        0x0 c:/altera/11.0sp1/nios2eds/bin/gnu/h-i686-mingw32/bin/../lib/gcc/nios2-elf/4.1.2/../../../../nios2-elf/lib\libc.a(lib_a-vfprintf.o)
 .data          0x04016b04        0x0 c:/altera/11.0sp1/nios2eds/bin/gnu/h-i686-mingw32/bin/../lib/gcc/nios2-elf/4.1.2/../../../../nios2-elf/lib\libc.a(lib_a-wsetup.o)
 .data          0x04016b04        0x0 c:/altera/11.0sp1/nios2eds/bin/gnu/h-i686-mingw32/bin/../lib/gcc/nios2-elf/4.1.2/../../../../nios2-elf/lib\libc.a(lib_a-dtoa.o)
 .data          0x04016b04        0x0 c:/altera/11.0sp1/nios2eds/bin/gnu/h-i686-mingw32/bin/../lib/gcc/nios2-elf/4.1.2/../../../../nios2-elf/lib\libc.a(lib_a-fflush.o)
 .data          0x04016b04        0x0 c:/altera/11.0sp1/nios2eds/bin/gnu/h-i686-mingw32/bin/../lib/gcc/nios2-elf/4.1.2/../../../../nios2-elf/lib\libc.a(lib_a-findfp.o)
 .data          0x04016b04        0x0 c:/altera/11.0sp1/nios2eds/bin/gnu/h-i686-mingw32/bin/../lib/gcc/nios2-elf/4.1.2/../../../../nios2-elf/lib\libc.a(lib_a-freer.o)
 .data          0x04016b04        0x0 c:/altera/11.0sp1/nios2eds/bin/gnu/h-i686-mingw32/bin/../lib/gcc/nios2-elf/4.1.2/../../../../nios2-elf/lib\libc.a(lib_a-fvwrite.o)
 .data          0x04016b04        0x0 c:/altera/11.0sp1/nios2eds/bin/gnu/h-i686-mingw32/bin/../lib/gcc/nios2-elf/4.1.2/../../../../nios2-elf/lib\libc.a(lib_a-fwalk.o)
 .data          0x04016b04      0x400 c:/altera/11.0sp1/nios2eds/bin/gnu/h-i686-mingw32/bin/../lib/gcc/nios2-elf/4.1.2/../../../../nios2-elf/lib\libc.a(lib_a-impure.o)
 .data          0x04016f04        0xc c:/altera/11.0sp1/nios2eds/bin/gnu/h-i686-mingw32/bin/../lib/gcc/nios2-elf/4.1.2/../../../../nios2-elf/lib\libc.a(lib_a-locale.o)
                0x04016f04                __lc_ctype
 .data          0x04016f10        0x0 c:/altera/11.0sp1/nios2eds/bin/gnu/h-i686-mingw32/bin/../lib/gcc/nios2-elf/4.1.2/../../../../nios2-elf/lib\libc.a(lib_a-makebuf.o)
 .data          0x04016f10      0x408 c:/altera/11.0sp1/nios2eds/bin/gnu/h-i686-mingw32/bin/../lib/gcc/nios2-elf/4.1.2/../../../../nios2-elf/lib\libc.a(lib_a-mallocr.o)
                0x04016f10                __malloc_av_
 .data          0x04017318        0x0 c:/altera/11.0sp1/nios2eds/bin/gnu/h-i686-mingw32/bin/../lib/gcc/nios2-elf/4.1.2/../../../../nios2-elf/lib\libc.a(lib_a-memchr.o)
 .data          0x04017318        0x0 c:/altera/11.0sp1/nios2eds/bin/gnu/h-i686-mingw32/bin/../lib/gcc/nios2-elf/4.1.2/../../../../nios2-elf/lib\libc.a(lib_a-memcpy.o)
 .data          0x04017318        0x0 c:/altera/11.0sp1/nios2eds/bin/gnu/h-i686-mingw32/bin/../lib/gcc/nios2-elf/4.1.2/../../../../nios2-elf/lib\libc.a(lib_a-memmove.o)
 .data          0x04017318        0x0 c:/altera/11.0sp1/nios2eds/bin/gnu/h-i686-mingw32/bin/../lib/gcc/nios2-elf/4.1.2/../../../../nios2-elf/lib\libc.a(lib_a-memset.o)
 .data          0x04017318        0x0 c:/altera/11.0sp1/nios2eds/bin/gnu/h-i686-mingw32/bin/../lib/gcc/nios2-elf/4.1.2/../../../../nios2-elf/lib\libc.a(lib_a-mprec.o)
 .data          0x04017318        0x0 c:/altera/11.0sp1/nios2eds/bin/gnu/h-i686-mingw32/bin/../lib/gcc/nios2-elf/4.1.2/../../../../nios2-elf/lib\libc.a(lib_a-reallocr.o)
 .data          0x04017318        0x0 c:/altera/11.0sp1/nios2eds/bin/gnu/h-i686-mingw32/bin/../lib/gcc/nios2-elf/4.1.2/../../../../nios2-elf/lib\libc.a(lib_a-s_isinfd.o)
 .data          0x04017318        0x0 c:/altera/11.0sp1/nios2eds/bin/gnu/h-i686-mingw32/bin/../lib/gcc/nios2-elf/4.1.2/../../../../nios2-elf/lib\libc.a(lib_a-s_isnand.o)
 .data          0x04017318        0x0 c:/altera/11.0sp1/nios2eds/bin/gnu/h-i686-mingw32/bin/../lib/gcc/nios2-elf/4.1.2/../../../../nios2-elf/lib\libc.a(lib_a-sbrkr.o)
 .data          0x04017318        0x0 c:/altera/11.0sp1/nios2eds/bin/gnu/h-i686-mingw32/bin/../lib/gcc/nios2-elf/4.1.2/../../../../nios2-elf/lib\libc.a(lib_a-stdio.o)
 .data          0x04017318        0x0 c:/altera/11.0sp1/nios2eds/bin/gnu/h-i686-mingw32/bin/../lib/gcc/nios2-elf/4.1.2/../../../../nios2-elf/lib\libc.a(lib_a-strcmp.o)
 .data          0x04017318        0x0 c:/altera/11.0sp1/nios2eds/bin/gnu/h-i686-mingw32/bin/../lib/gcc/nios2-elf/4.1.2/../../../../nios2-elf/lib\libc.a(lib_a-strlen.o)
 .data          0x04017318        0x0 c:/altera/11.0sp1/nios2eds/bin/gnu/h-i686-mingw32/bin/../lib/gcc/nios2-elf/4.1.2/../../../../nios2-elf/lib\libc.a(lib_a-writer.o)
 .data          0x04017318        0x0 c:/altera/11.0sp1/nios2eds/bin/gnu/h-i686-mingw32/bin/../lib/gcc/nios2-elf/4.1.2/../../../../nios2-elf/lib\libc.a(lib_a-callocr.o)
 .data          0x04017318        0x0 c:/altera/11.0sp1/nios2eds/bin/gnu/h-i686-mingw32/bin/../lib/gcc/nios2-elf/4.1.2/../../../../nios2-elf/lib\libc.a(lib_a-closer.o)
 .data          0x04017318        0x0 c:/altera/11.0sp1/nios2eds/bin/gnu/h-i686-mingw32/bin/../lib/gcc/nios2-elf/4.1.2/../../../../nios2-elf/lib\libc.a(lib_a-fclose.o)
 .data          0x04017318        0x0 c:/altera/11.0sp1/nios2eds/bin/gnu/h-i686-mingw32/bin/../lib/gcc/nios2-elf/4.1.2/../../../../nios2-elf/lib\libc.a(lib_a-fstatr.o)
 .data          0x04017318        0x0 c:/altera/11.0sp1/nios2eds/bin/gnu/h-i686-mingw32/bin/../lib/gcc/nios2-elf/4.1.2/../../../../nios2-elf/lib\libc.a(lib_a-int_errno.o)
 .data          0x04017318        0x0 c:/altera/11.0sp1/nios2eds/bin/gnu/h-i686-mingw32/bin/../lib/gcc/nios2-elf/4.1.2/../../../../nios2-elf/lib\libc.a(lib_a-isattyr.o)
 .data          0x04017318        0x0 c:/altera/11.0sp1/nios2eds/bin/gnu/h-i686-mingw32/bin/../lib/gcc/nios2-elf/4.1.2/../../../../nios2-elf/lib\libc.a(lib_a-lseekr.o)
 .data          0x04017318        0x0 c:/altera/11.0sp1/nios2eds/bin/gnu/h-i686-mingw32/bin/../lib/gcc/nios2-elf/4.1.2/../../../../nios2-elf/lib\libc.a(lib_a-readr.o)
 .data          0x04017318        0x0 c:/altera/11.0sp1/nios2eds/bin/gnu/h-i686-mingw32/bin/../lib/gcc/nios2-elf/4.1.2\libgcc.a(_udivdi3.o)
 .data          0x04017318        0x0 c:/altera/11.0sp1/nios2eds/bin/gnu/h-i686-mingw32/bin/../lib/gcc/nios2-elf/4.1.2\libgcc.a(_umoddi3.o)
 .data          0x04017318        0x0 c:/altera/11.0sp1/nios2eds/bin/gnu/h-i686-mingw32/bin/../lib/gcc/nios2-elf/4.1.2\libgcc.a(_addsub_df.o)
 .data          0x04017318        0x0 c:/altera/11.0sp1/nios2eds/bin/gnu/h-i686-mingw32/bin/../lib/gcc/nios2-elf/4.1.2\libgcc.a(_mul_df.o)
 .data          0x04017318        0x0 c:/altera/11.0sp1/nios2eds/bin/gnu/h-i686-mingw32/bin/../lib/gcc/nios2-elf/4.1.2\libgcc.a(_div_df.o)
 .data          0x04017318        0x0 c:/altera/11.0sp1/nios2eds/bin/gnu/h-i686-mingw32/bin/../lib/gcc/nios2-elf/4.1.2\libgcc.a(_eq_df.o)
 .data          0x04017318        0x0 c:/altera/11.0sp1/nios2eds/bin/gnu/h-i686-mingw32/bin/../lib/gcc/nios2-elf/4.1.2\libgcc.a(_ne_df.o)
 .data          0x04017318        0x0 c:/altera/11.0sp1/nios2eds/bin/gnu/h-i686-mingw32/bin/../lib/gcc/nios2-elf/4.1.2\libgcc.a(_gt_df.o)
 .data          0x04017318        0x0 c:/altera/11.0sp1/nios2eds/bin/gnu/h-i686-mingw32/bin/../lib/gcc/nios2-elf/4.1.2\libgcc.a(_ge_df.o)
 .data          0x04017318        0x0 c:/altera/11.0sp1/nios2eds/bin/gnu/h-i686-mingw32/bin/../lib/gcc/nios2-elf/4.1.2\libgcc.a(_lt_df.o)
 .data          0x04017318        0x0 c:/altera/11.0sp1/nios2eds/bin/gnu/h-i686-mingw32/bin/../lib/gcc/nios2-elf/4.1.2\libgcc.a(_si_to_df.o)
 .data          0x04017318        0x0 c:/altera/11.0sp1/nios2eds/bin/gnu/h-i686-mingw32/bin/../lib/gcc/nios2-elf/4.1.2\libgcc.a(_df_to_si.o)
 .data          0x04017318        0x0 c:/altera/11.0sp1/nios2eds/bin/gnu/h-i686-mingw32/bin/../lib/gcc/nios2-elf/4.1.2\libgcc.a(_thenan_df.o)
 .data          0x04017318        0x0 c:/altera/11.0sp1/nios2eds/bin/gnu/h-i686-mingw32/bin/../lib/gcc/nios2-elf/4.1.2\libgcc.a(_usi_to_df.o)
 .data          0x04017318        0x0 c:/altera/11.0sp1/nios2eds/bin/gnu/h-i686-mingw32/bin/../lib/gcc/nios2-elf/4.1.2\libgcc.a(lib2-divmod.o)
 .data          0x04017318        0x0 c:/altera/11.0sp1/nios2eds/bin/gnu/h-i686-mingw32/bin/../lib/gcc/nios2-elf/4.1.2\libgcc.a(_muldi3.o)
 .data          0x04017318        0x0 c:/altera/11.0sp1/nios2eds/bin/gnu/h-i686-mingw32/bin/../lib/gcc/nios2-elf/4.1.2\libgcc.a(_clz.o)
 .data          0x04017318        0x0 c:/altera/11.0sp1/nios2eds/bin/gnu/h-i686-mingw32/bin/../lib/gcc/nios2-elf/4.1.2\libgcc.a(_clzsi2.o)
 .data          0x04017318        0x0 c:/altera/11.0sp1/nios2eds/bin/gnu/h-i686-mingw32/bin/../lib/gcc/nios2-elf/4.1.2\libgcc.a(_pack_df.o)
 .data          0x04017318        0x0 c:/altera/11.0sp1/nios2eds/bin/gnu/h-i686-mingw32/bin/../lib/gcc/nios2-elf/4.1.2\libgcc.a(_unpack_df.o)
 .data          0x04017318        0x0 c:/altera/11.0sp1/nios2eds/bin/gnu/h-i686-mingw32/bin/../lib/gcc/nios2-elf/4.1.2\libgcc.a(_fpcmp_parts_df.o)
 .data          0x04017318        0x0 ../lab1_bsp/\libucosii_bsp.a(alt_close.o)
 .data          0x04017318      0x1a8 ../lab1_bsp/\libucosii_bsp.a(alt_dev.o)
                0x04017318                alt_dev_null
                0x04017340                alt_fd_list
 .data          0x040174c0        0x0 ../lab1_bsp/\libucosii_bsp.a(alt_errno.o)
 .data          0x040174c0        0x0 ../lab1_bsp/\libucosii_bsp.a(alt_fstat.o)
 .data          0x040174c0        0x0 ../lab1_bsp/\libucosii_bsp.a(alt_isatty.o)
 .data          0x040174c0        0x0 ../lab1_bsp/\libucosii_bsp.a(alt_lseek.o)
 .data          0x040174c0        0x0 ../lab1_bsp/\libucosii_bsp.a(alt_main.o)
 .data          0x040174c0        0x0 ../lab1_bsp/\libucosii_bsp.a(alt_read.o)
 .data          0x040174c0        0x0 ../lab1_bsp/\libucosii_bsp.a(alt_release_fd.o)
 .data          0x040174c0        0x0 ../lab1_bsp/\libucosii_bsp.a(alt_sbrk.o)
 .data          0x040174c0        0x0 ../lab1_bsp/\libucosii_bsp.a(alt_write.o)
 .data          0x040174c0        0x0 ../lab1_bsp/\libucosii_bsp.a(alt_env_lock.o)
 .data          0x040174c0        0x0 ../lab1_bsp/\libucosii_bsp.a(alt_malloc_lock.o)
 .data          0x040174c0        0x0 ../lab1_bsp/\libucosii_bsp.a(os_core.o)
 .data          0x040174c0        0x0 ../lab1_bsp/\libucosii_bsp.a(os_dbg.o)
 .data          0x040174c0        0x0 ../lab1_bsp/\libucosii_bsp.a(os_flag.o)
 .data          0x040174c0        0x0 ../lab1_bsp/\libucosii_bsp.a(os_mem.o)
 .data          0x040174c0        0x0 ../lab1_bsp/\libucosii_bsp.a(os_q.o)
 .data          0x040174c0        0x0 ../lab1_bsp/\libucosii_bsp.a(os_sem.o)
 .data          0x040174c0        0x0 ../lab1_bsp/\libucosii_bsp.a(os_task.o)
 .data          0x040174c0        0x0 ../lab1_bsp/\libucosii_bsp.a(os_time.o)
 .data          0x040174c0     0x1130 ../lab1_bsp/\libucosii_bsp.a(alt_sys_init.o)
 .data          0x040185f0        0x0 ../lab1_bsp/\libucosii_bsp.a(altera_avalon_epcs_flash_controller.o)
 .data          0x040185f0        0x0 ../lab1_bsp/\libucosii_bsp.a(altera_avalon_jtag_uart_fd.o)
 .data          0x040185f0        0x0 ../lab1_bsp/\libucosii_bsp.a(altera_avalon_jtag_uart_init.o)
 .data          0x040185f0        0x0 ../lab1_bsp/\libucosii_bsp.a(altera_avalon_jtag_uart_ioctl.o)
 .data          0x040185f0        0x0 ../lab1_bsp/\libucosii_bsp.a(altera_avalon_jtag_uart_read.o)
 .data          0x040185f0        0x0 ../lab1_bsp/\libucosii_bsp.a(altera_avalon_jtag_uart_write.o)
 .data          0x040185f0        0x0 ../lab1_bsp/\libucosii_bsp.a(altera_avalon_timer_sc.o)
 .data          0x040185f0        0x0 ../lab1_bsp/\libucosii_bsp.a(epcs_commands.o)
 .data          0x040185f0        0x0 ../lab1_bsp/\libucosii_bsp.a(alt_alarm_start.o)
 .data          0x040185f0        0x0 ../lab1_bsp/\libucosii_bsp.a(alt_dev_llist_insert.o)
 .data          0x040185f0        0x0 ../lab1_bsp/\libucosii_bsp.a(alt_do_ctors.o)
 .data          0x040185f0        0x0 ../lab1_bsp/\libucosii_bsp.a(alt_do_dtors.o)
 .data          0x040185f0        0x0 ../lab1_bsp/\libucosii_bsp.a(alt_flash_dev.o)
 .data          0x040185f0        0x0 ../lab1_bsp/\libucosii_bsp.a(alt_iic.o)
 .data          0x040185f0        0x0 ../lab1_bsp/\libucosii_bsp.a(alt_iic_isr_register.o)
 .data          0x040185f0        0x0 ../lab1_bsp/\libucosii_bsp.a(alt_io_redirect.o)
 .data          0x040185f0        0x0 ../lab1_bsp/\libucosii_bsp.a(alt_irq_entry.o)
 .data          0x040185f0        0x0 ../lab1_bsp/\libucosii_bsp.a(alt_irq_handler.o)
 .data          0x040185f0        0x0 ../lab1_bsp/\libucosii_bsp.a(alt_irq_vars.o)
 .data          0x040185f0        0x0 ../lab1_bsp/\libucosii_bsp.a(alt_open.o)
 .data          0x040185f0        0x0 ../lab1_bsp/\libucosii_bsp.a(alt_tick.o)
 .data          0x040185f0        0x0 ../lab1_bsp/\libucosii_bsp.a(altera_nios2_irq.o)
 .data          0x040185f0        0x0 ../lab1_bsp/\libucosii_bsp.a(os_cpu_a.o)
 .data          0x040185f0        0x0 ../lab1_bsp/\libucosii_bsp.a(os_cpu_c.o)
 .data          0x040185f0        0x0 ../lab1_bsp/\libucosii_bsp.a(altera_avalon_spi.o)
 .data          0x040185f0        0x0 ../lab1_bsp/\libucosii_bsp.a(alt_exception_entry.o)
 .data          0x040185f0        0x0 ../lab1_bsp/\libucosii_bsp.a(alt_find_dev.o)
 .data          0x040185f0        0x0 ../lab1_bsp/\libucosii_bsp.a(alt_find_file.o)
 .data          0x040185f0        0x0 ../lab1_bsp/\libucosii_bsp.a(alt_get_fd.o)
 .data          0x040185f0        0x0 c:/altera/11.0sp1/nios2eds/bin/gnu/h-i686-mingw32/bin/../lib/gcc/nios2-elf/4.1.2/../../../../nios2-elf/lib\libc.a(lib_a-atexit.o)
 .data          0x040185f0        0x0 c:/altera/11.0sp1/nios2eds/bin/gnu/h-i686-mingw32/bin/../lib/gcc/nios2-elf/4.1.2/../../../../nios2-elf/lib\libc.a(lib_a-exit.o)
 .data          0x040185f0        0x0 c:/altera/11.0sp1/nios2eds/bin/gnu/h-i686-mingw32/bin/../lib/gcc/nios2-elf/4.1.2/../../../../nios2-elf/lib\libc.a(lib_a-memcmp.o)
 .data          0x040185f0        0x0 c:/altera/11.0sp1/nios2eds/bin/gnu/h-i686-mingw32/bin/../lib/gcc/nios2-elf/4.1.2/../../../../nios2-elf/lib\libc.a(lib_a-__atexit.o)
 .data          0x040185f0        0x0 c:/altera/11.0sp1/nios2eds/bin/gnu/h-i686-mingw32/bin/../lib/gcc/nios2-elf/4.1.2/../../../../nios2-elf/lib\libc.a(lib_a-__call_atexit.o)
 .data          0x040185f0        0x0 ../lab1_bsp/\libucosii_bsp.a(alt_exit.o)
                0x040205f0                _gp = ABSOLUTE ((. + 0x8000))
                0x040205f0                PROVIDE (gp, _gp)
 *(.rwdata .rwdata.*)
 *(.sdata .sdata.* .gnu.linkonce.s.*)
 .sdata         0x040185f0        0x8 c:/altera/11.0sp1/nios2eds/bin/gnu/h-i686-mingw32/bin/../lib/gcc/nios2-elf/4.1.2/../../../../nios2-elf/lib\libc.a(lib_a-impure.o)
                0x040185f0                _impure_ptr
                0x040185f4                _global_impure_ptr
 .sdata         0x040185f8        0x8 c:/altera/11.0sp1/nios2eds/bin/gnu/h-i686-mingw32/bin/../lib/gcc/nios2-elf/4.1.2/../../../../nios2-elf/lib\libc.a(lib_a-locale.o)
                0x040185f8                __mb_cur_max
 .sdata         0x04018600        0x8 c:/altera/11.0sp1/nios2eds/bin/gnu/h-i686-mingw32/bin/../lib/gcc/nios2-elf/4.1.2/../../../../nios2-elf/lib\libc.a(lib_a-mallocr.o)
                0x04018600                __malloc_trim_threshold
                0x04018604                __malloc_sbrk_base
 .sdata         0x04018608       0x14 ../lab1_bsp/\libucosii_bsp.a(alt_dev.o)
                0x04018608                alt_fs_list
                0x04018610                alt_dev_list
                0x04018618                alt_max_fd
 .sdata         0x0401861c        0x4 ../lab1_bsp/\libucosii_bsp.a(alt_errno.o)
                0x0401861c                alt_errno
 .sdata         0x04018620        0x4 ../lab1_bsp/\libucosii_bsp.a(alt_sbrk.o)
 .sdata         0x04018624        0x4 ../lab1_bsp/\libucosii_bsp.a(alt_env_lock.o)
 .sdata         0x04018628        0x4 ../lab1_bsp/\libucosii_bsp.a(alt_malloc_lock.o)
 .sdata         0x0401862c       0x74 ../lab1_bsp/\libucosii_bsp.a(os_dbg.o)
                0x0401862c                OSDebugEn
                0x04018630                OSEndiannessTest
                0x04018634                OSEventEn
                0x04018636                OSEventMax
                0x04018638                OSEventNameSize
                0x0401863a                OSEventSize
                0x0401863c                OSEventTblSize
                0x0401863e                OSEventMultiEn
                0x04018640                OSFlagEn
                0x04018642                OSFlagGrpSize
                0x04018644                OSFlagNodeSize
                0x04018646                OSFlagWidth
                0x04018648                OSFlagMax
                0x0401864a                OSFlagNameSize
                0x0401864c                OSLowestPrio
                0x0401864e                OSMboxEn
                0x04018650                OSMemEn
                0x04018652                OSMemMax
                0x04018654                OSMemNameSize
                0x04018656                OSMemSize
                0x04018658                OSMemTblSize
                0x0401865a                OSMutexEn
                0x0401865c                OSPtrSize
                0x0401865e                OSQEn
                0x04018660                OSQMax
                0x04018662                OSQSize
                0x04018664                OSRdyTblSize
                0x04018666                OSSemEn
                0x04018668                OSStkWidth
                0x0401866a                OSTaskCreateEn
                0x0401866c                OSTaskCreateExtEn
                0x0401866e                OSTaskDelEn
                0x04018670                OSTaskIdleStkSize
                0x04018672                OSTaskProfileEn
                0x04018674                OSTaskMax
                0x04018676                OSTaskNameSize
                0x04018678                OSTaskStatEn
                0x0401867a                OSTaskStatStkSize
                0x0401867c                OSTaskStatStkChkEn
                0x0401867e                OSTaskSwHookEn
                0x04018680                OSTCBPrioTblMax
                0x04018682                OSTCBSize
                0x04018684                OSTicksPerSec
                0x04018686                OSTimeTickHookEn
                0x04018688                OSVersionNbr
                0x0401868a                OSTmrEn
                0x0401868c                OSTmrCfgMax
                0x0401868e                OSTmrCfgNameSize
                0x04018690                OSTmrCfgWheelSize
                0x04018692                OSTmrCfgTicksPerSec
                0x04018694                OSTmrSize
                0x04018696                OSTmrTblSize
                0x04018698                OSTmrWheelSize
                0x0401869a                OSTmrWheelTblSize
                0x0401869c                OSDataSize
 .sdata         0x040186a0        0x8 ../lab1_bsp/\libucosii_bsp.a(alt_flash_dev.o)
                0x040186a0                alt_flash_dev_list
 .sdata         0x040186a8        0x4 ../lab1_bsp/\libucosii_bsp.a(alt_irq_vars.o)
                0x040186a8                alt_priority_mask
 .sdata         0x040186ac        0x8 ../lab1_bsp/\libucosii_bsp.a(alt_tick.o)
                0x040186ac                alt_alarm_list
 *(.sdata2 .sdata2.* .gnu.linkonce.s2.*)
                0x040186b4                . = ALIGN (0x4)
                0x040186b4                _edata = ABSOLUTE (.)
                0x040186b4                PROVIDE (edata, ABSOLUTE (.))
                0x040186b4                PROVIDE (__ram_rwdata_end, ABSOLUTE (.))
                0x04016b04                PROVIDE (__flash_rwdata_start, LOADADDR (.rwdata))

.bss            0x040186b4    0x86634
                0x040186b4                __bss_start = ABSOLUTE (.)
                0x040186b4                PROVIDE (__sbss_start, ABSOLUTE (.))
                0x040186b4                PROVIDE (___sbss_start, ABSOLUTE (.))
 *(.dynsbss)
 *(.sbss .sbss.* .gnu.linkonce.sb.*)
 .sbss          0x040186b4        0x4 obj/hello_ucosii.o
 .sbss          0x040186b8        0xc c:/altera/11.0sp1/nios2eds/bin/gnu/h-i686-mingw32/bin/../lib/gcc/nios2-elf/4.1.2/../../../../nios2-elf/lib\libc.a(lib_a-locale.o)
                0x040186b8                __nlocale_changed
                0x040186bc                __mlocale_changed
                0x040186c0                _PathLocale
 .sbss          0x040186c4        0xc c:/altera/11.0sp1/nios2eds/bin/gnu/h-i686-mingw32/bin/../lib/gcc/nios2-elf/4.1.2/../../../../nios2-elf/lib\libc.a(lib_a-mallocr.o)
                0x040186c4                __malloc_top_pad
                0x040186c8                __malloc_max_sbrked_mem
                0x040186cc                __malloc_max_total_mem
 .sbss          0x040186d0        0x4 c:/altera/11.0sp1/nios2eds/bin/gnu/h-i686-mingw32/bin/../lib/gcc/nios2-elf/4.1.2/../../../../nios2-elf/lib\libc.a(lib_a-int_errno.o)
                0x040186d0                errno
 .sbss          0x040186d4        0x4 ../lab1_bsp/\libucosii_bsp.a(alt_dev.o)
                0x040186d4                alt_fd_list_lock
 .sbss          0x040186d8        0xc ../lab1_bsp/\libucosii_bsp.a(alt_main.o)
                0x040186d8                alt_argc
                0x040186dc                alt_argv
                0x040186e0                alt_envp
 .sbss          0x040186e4        0x8 ../lab1_bsp/\libucosii_bsp.a(alt_env_lock.o)
                0x040186e8                alt_envsem
 .sbss          0x040186ec        0x8 ../lab1_bsp/\libucosii_bsp.a(alt_malloc_lock.o)
                0x040186f0                alt_heapsem
 .sbss          0x040186f4       0x50 ../lab1_bsp/\libucosii_bsp.a(os_core.o)
                0x040186f4                OSLockNesting
                0x040186f5                OSRunning
                0x040186f8                OSIdleCtr
                0x040186fc                OSPrioHighRdy
                0x040186fd                OSPrioCur
                0x04018700                OSTCBList
                0x04018704                OSTickStepState
                0x04018708                OSCtxSwCtr
                0x0401870c                OSIdleCtrMax
                0x04018710                OSTCBFreeList
                0x04018714                OSCPUUsage
                0x04018715                OSTaskCtr
                0x04018718                OSMemFreeList
                0x0401871c                OSTCBHighRdy
                0x04018720                OSQFreeList
                0x04018724                OSRdyGrp
                0x04018725                OSRdyTbl
                0x04018728                OSEventFreeList
                0x0401872c                OSIntNesting
                0x04018730                OSTCBCur
                0x04018734                OSTime
                0x04018738                OSFlagFreeList
                0x0401873c                OSStatRdy
                0x04018740                OSIdleCtrRun
 .sbss          0x04018744        0x4 ../lab1_bsp/\libucosii_bsp.a(alt_irq_vars.o)
                0x04018744                alt_irq_active
 .sbss          0x04018748        0x8 ../lab1_bsp/\libucosii_bsp.a(alt_tick.o)
                0x04018748                _alt_tick_rate
                0x0401874c                _alt_nticks
 *(.sbss2 .sbss2.* .gnu.linkonce.sb2.*)
 *(.scommon)
                0x04018750                PROVIDE (__sbss_end, ABSOLUTE (.))
                0x04018750                PROVIDE (___sbss_end, ABSOLUTE (.))
 *(.dynbss)
 *(.bss .bss.* .gnu.linkonce.b.*)
 .bss           0x04018750        0x0 ../lab1_bsp//obj/HAL/src/crt0.o
 .bss           0x04018750        0x0 obj/hello_ucosii.o
 .bss           0x04018750        0x0 c:/altera/11.0sp1/nios2eds/bin/gnu/h-i686-mingw32/bin/../lib/gcc/nios2-elf/4.1.2/../../../../nios2-elf/lib\libc.a(lib_a-printf.o)
 .bss           0x04018750        0x0 c:/altera/11.0sp1/nios2eds/bin/gnu/h-i686-mingw32/bin/../lib/gcc/nios2-elf/4.1.2/../../../../nios2-elf/lib\libc.a(lib_a-sprintf.o)
 .bss           0x04018750        0x0 c:/altera/11.0sp1/nios2eds/bin/gnu/h-i686-mingw32/bin/../lib/gcc/nios2-elf/4.1.2/../../../../nios2-elf/lib\libc.a(lib_a-vfprintf.o)
 .bss           0x04018750        0x0 c:/altera/11.0sp1/nios2eds/bin/gnu/h-i686-mingw32/bin/../lib/gcc/nios2-elf/4.1.2/../../../../nios2-elf/lib\libc.a(lib_a-wsetup.o)
 .bss           0x04018750        0x0 c:/altera/11.0sp1/nios2eds/bin/gnu/h-i686-mingw32/bin/../lib/gcc/nios2-elf/4.1.2/../../../../nios2-elf/lib\libc.a(lib_a-dtoa.o)
 .bss           0x04018750        0x0 c:/altera/11.0sp1/nios2eds/bin/gnu/h-i686-mingw32/bin/../lib/gcc/nios2-elf/4.1.2/../../../../nios2-elf/lib\libc.a(lib_a-fflush.o)
 .bss           0x04018750        0x0 c:/altera/11.0sp1/nios2eds/bin/gnu/h-i686-mingw32/bin/../lib/gcc/nios2-elf/4.1.2/../../../../nios2-elf/lib\libc.a(lib_a-findfp.o)
 .bss           0x04018750        0x0 c:/altera/11.0sp1/nios2eds/bin/gnu/h-i686-mingw32/bin/../lib/gcc/nios2-elf/4.1.2/../../../../nios2-elf/lib\libc.a(lib_a-freer.o)
 .bss           0x04018750        0x0 c:/altera/11.0sp1/nios2eds/bin/gnu/h-i686-mingw32/bin/../lib/gcc/nios2-elf/4.1.2/../../../../nios2-elf/lib\libc.a(lib_a-fvwrite.o)
 .bss           0x04018750        0x0 c:/altera/11.0sp1/nios2eds/bin/gnu/h-i686-mingw32/bin/../lib/gcc/nios2-elf/4.1.2/../../../../nios2-elf/lib\libc.a(lib_a-fwalk.o)
 .bss           0x04018750        0x0 c:/altera/11.0sp1/nios2eds/bin/gnu/h-i686-mingw32/bin/../lib/gcc/nios2-elf/4.1.2/../../../../nios2-elf/lib\libc.a(lib_a-impure.o)
 .bss           0x04018750        0x0 c:/altera/11.0sp1/nios2eds/bin/gnu/h-i686-mingw32/bin/../lib/gcc/nios2-elf/4.1.2/../../../../nios2-elf/lib\libc.a(lib_a-locale.o)
 .bss           0x04018750        0x0 c:/altera/11.0sp1/nios2eds/bin/gnu/h-i686-mingw32/bin/../lib/gcc/nios2-elf/4.1.2/../../../../nios2-elf/lib\libc.a(lib_a-makebuf.o)
 .bss           0x04018750       0x28 c:/altera/11.0sp1/nios2eds/bin/gnu/h-i686-mingw32/bin/../lib/gcc/nios2-elf/4.1.2/../../../../nios2-elf/lib\libc.a(lib_a-mallocr.o)
                0x04018750                __malloc_current_mallinfo
 .bss           0x04018778        0x0 c:/altera/11.0sp1/nios2eds/bin/gnu/h-i686-mingw32/bin/../lib/gcc/nios2-elf/4.1.2/../../../../nios2-elf/lib\libc.a(lib_a-memchr.o)
 .bss           0x04018778        0x0 c:/altera/11.0sp1/nios2eds/bin/gnu/h-i686-mingw32/bin/../lib/gcc/nios2-elf/4.1.2/../../../../nios2-elf/lib\libc.a(lib_a-memcpy.o)
 .bss           0x04018778        0x0 c:/altera/11.0sp1/nios2eds/bin/gnu/h-i686-mingw32/bin/../lib/gcc/nios2-elf/4.1.2/../../../../nios2-elf/lib\libc.a(lib_a-memmove.o)
 .bss           0x04018778        0x0 c:/altera/11.0sp1/nios2eds/bin/gnu/h-i686-mingw32/bin/../lib/gcc/nios2-elf/4.1.2/../../../../nios2-elf/lib\libc.a(lib_a-memset.o)
 .bss           0x04018778        0x0 c:/altera/11.0sp1/nios2eds/bin/gnu/h-i686-mingw32/bin/../lib/gcc/nios2-elf/4.1.2/../../../../nios2-elf/lib\libc.a(lib_a-mprec.o)
 .bss           0x04018778        0x0 c:/altera/11.0sp1/nios2eds/bin/gnu/h-i686-mingw32/bin/../lib/gcc/nios2-elf/4.1.2/../../../../nios2-elf/lib\libc.a(lib_a-reallocr.o)
 .bss           0x04018778        0x0 c:/altera/11.0sp1/nios2eds/bin/gnu/h-i686-mingw32/bin/../lib/gcc/nios2-elf/4.1.2/../../../../nios2-elf/lib\libc.a(lib_a-s_isinfd.o)
 .bss           0x04018778        0x0 c:/altera/11.0sp1/nios2eds/bin/gnu/h-i686-mingw32/bin/../lib/gcc/nios2-elf/4.1.2/../../../../nios2-elf/lib\libc.a(lib_a-s_isnand.o)
 .bss           0x04018778        0x0 c:/altera/11.0sp1/nios2eds/bin/gnu/h-i686-mingw32/bin/../lib/gcc/nios2-elf/4.1.2/../../../../nios2-elf/lib\libc.a(lib_a-sbrkr.o)
 .bss           0x04018778        0x0 c:/altera/11.0sp1/nios2eds/bin/gnu/h-i686-mingw32/bin/../lib/gcc/nios2-elf/4.1.2/../../../../nios2-elf/lib\libc.a(lib_a-stdio.o)
 .bss           0x04018778        0x0 c:/altera/11.0sp1/nios2eds/bin/gnu/h-i686-mingw32/bin/../lib/gcc/nios2-elf/4.1.2/../../../../nios2-elf/lib\libc.a(lib_a-strcmp.o)
 .bss           0x04018778        0x0 c:/altera/11.0sp1/nios2eds/bin/gnu/h-i686-mingw32/bin/../lib/gcc/nios2-elf/4.1.2/../../../../nios2-elf/lib\libc.a(lib_a-strlen.o)
 .bss           0x04018778        0x0 c:/altera/11.0sp1/nios2eds/bin/gnu/h-i686-mingw32/bin/../lib/gcc/nios2-elf/4.1.2/../../../../nios2-elf/lib\libc.a(lib_a-writer.o)
 .bss           0x04018778        0x0 c:/altera/11.0sp1/nios2eds/bin/gnu/h-i686-mingw32/bin/../lib/gcc/nios2-elf/4.1.2/../../../../nios2-elf/lib\libc.a(lib_a-callocr.o)
 .bss           0x04018778        0x0 c:/altera/11.0sp1/nios2eds/bin/gnu/h-i686-mingw32/bin/../lib/gcc/nios2-elf/4.1.2/../../../../nios2-elf/lib\libc.a(lib_a-closer.o)
 .bss           0x04018778        0x0 c:/altera/11.0sp1/nios2eds/bin/gnu/h-i686-mingw32/bin/../lib/gcc/nios2-elf/4.1.2/../../../../nios2-elf/lib\libc.a(lib_a-fclose.o)
 .bss           0x04018778        0x0 c:/altera/11.0sp1/nios2eds/bin/gnu/h-i686-mingw32/bin/../lib/gcc/nios2-elf/4.1.2/../../../../nios2-elf/lib\libc.a(lib_a-fstatr.o)
 .bss           0x04018778        0x0 c:/altera/11.0sp1/nios2eds/bin/gnu/h-i686-mingw32/bin/../lib/gcc/nios2-elf/4.1.2/../../../../nios2-elf/lib\libc.a(lib_a-int_errno.o)
 .bss           0x04018778        0x0 c:/altera/11.0sp1/nios2eds/bin/gnu/h-i686-mingw32/bin/../lib/gcc/nios2-elf/4.1.2/../../../../nios2-elf/lib\libc.a(lib_a-isattyr.o)
 .bss           0x04018778        0x0 c:/altera/11.0sp1/nios2eds/bin/gnu/h-i686-mingw32/bin/../lib/gcc/nios2-elf/4.1.2/../../../../nios2-elf/lib\libc.a(lib_a-lseekr.o)
 .bss           0x04018778        0x0 c:/altera/11.0sp1/nios2eds/bin/gnu/h-i686-mingw32/bin/../lib/gcc/nios2-elf/4.1.2/../../../../nios2-elf/lib\libc.a(lib_a-readr.o)
 .bss           0x04018778        0x0 c:/altera/11.0sp1/nios2eds/bin/gnu/h-i686-mingw32/bin/../lib/gcc/nios2-elf/4.1.2\libgcc.a(_udivdi3.o)
 .bss           0x04018778        0x0 c:/altera/11.0sp1/nios2eds/bin/gnu/h-i686-mingw32/bin/../lib/gcc/nios2-elf/4.1.2\libgcc.a(_umoddi3.o)
 .bss           0x04018778        0x0 c:/altera/11.0sp1/nios2eds/bin/gnu/h-i686-mingw32/bin/../lib/gcc/nios2-elf/4.1.2\libgcc.a(_addsub_df.o)
 .bss           0x04018778        0x0 c:/altera/11.0sp1/nios2eds/bin/gnu/h-i686-mingw32/bin/../lib/gcc/nios2-elf/4.1.2\libgcc.a(_mul_df.o)
 .bss           0x04018778        0x0 c:/altera/11.0sp1/nios2eds/bin/gnu/h-i686-mingw32/bin/../lib/gcc/nios2-elf/4.1.2\libgcc.a(_div_df.o)
 .bss           0x04018778        0x0 c:/altera/11.0sp1/nios2eds/bin/gnu/h-i686-mingw32/bin/../lib/gcc/nios2-elf/4.1.2\libgcc.a(_eq_df.o)
 .bss           0x04018778        0x0 c:/altera/11.0sp1/nios2eds/bin/gnu/h-i686-mingw32/bin/../lib/gcc/nios2-elf/4.1.2\libgcc.a(_ne_df.o)
 .bss           0x04018778        0x0 c:/altera/11.0sp1/nios2eds/bin/gnu/h-i686-mingw32/bin/../lib/gcc/nios2-elf/4.1.2\libgcc.a(_gt_df.o)
 .bss           0x04018778        0x0 c:/altera/11.0sp1/nios2eds/bin/gnu/h-i686-mingw32/bin/../lib/gcc/nios2-elf/4.1.2\libgcc.a(_ge_df.o)
 .bss           0x04018778        0x0 c:/altera/11.0sp1/nios2eds/bin/gnu/h-i686-mingw32/bin/../lib/gcc/nios2-elf/4.1.2\libgcc.a(_lt_df.o)
 .bss           0x04018778        0x0 c:/altera/11.0sp1/nios2eds/bin/gnu/h-i686-mingw32/bin/../lib/gcc/nios2-elf/4.1.2\libgcc.a(_si_to_df.o)
 .bss           0x04018778        0x0 c:/altera/11.0sp1/nios2eds/bin/gnu/h-i686-mingw32/bin/../lib/gcc/nios2-elf/4.1.2\libgcc.a(_df_to_si.o)
 .bss           0x04018778        0x0 c:/altera/11.0sp1/nios2eds/bin/gnu/h-i686-mingw32/bin/../lib/gcc/nios2-elf/4.1.2\libgcc.a(_thenan_df.o)
 .bss           0x04018778        0x0 c:/altera/11.0sp1/nios2eds/bin/gnu/h-i686-mingw32/bin/../lib/gcc/nios2-elf/4.1.2\libgcc.a(_usi_to_df.o)
 .bss           0x04018778        0x0 c:/altera/11.0sp1/nios2eds/bin/gnu/h-i686-mingw32/bin/../lib/gcc/nios2-elf/4.1.2\libgcc.a(lib2-divmod.o)
 .bss           0x04018778        0x0 c:/altera/11.0sp1/nios2eds/bin/gnu/h-i686-mingw32/bin/../lib/gcc/nios2-elf/4.1.2\libgcc.a(_muldi3.o)
 .bss           0x04018778        0x0 c:/altera/11.0sp1/nios2eds/bin/gnu/h-i686-mingw32/bin/../lib/gcc/nios2-elf/4.1.2\libgcc.a(_clz.o)
 .bss           0x04018778        0x0 c:/altera/11.0sp1/nios2eds/bin/gnu/h-i686-mingw32/bin/../lib/gcc/nios2-elf/4.1.2\libgcc.a(_clzsi2.o)
 .bss           0x04018778        0x0 c:/altera/11.0sp1/nios2eds/bin/gnu/h-i686-mingw32/bin/../lib/gcc/nios2-elf/4.1.2\libgcc.a(_pack_df.o)
 .bss           0x04018778        0x0 c:/altera/11.0sp1/nios2eds/bin/gnu/h-i686-mingw32/bin/../lib/gcc/nios2-elf/4.1.2\libgcc.a(_unpack_df.o)
 .bss           0x04018778        0x0 c:/altera/11.0sp1/nios2eds/bin/gnu/h-i686-mingw32/bin/../lib/gcc/nios2-elf/4.1.2\libgcc.a(_fpcmp_parts_df.o)
 .bss           0x04018778        0x0 ../lab1_bsp/\libucosii_bsp.a(alt_close.o)
 .bss           0x04018778        0x0 ../lab1_bsp/\libucosii_bsp.a(alt_dev.o)
 .bss           0x04018778        0x0 ../lab1_bsp/\libucosii_bsp.a(alt_errno.o)
 .bss           0x04018778        0x0 ../lab1_bsp/\libucosii_bsp.a(alt_fstat.o)
 .bss           0x04018778        0x0 ../lab1_bsp/\libucosii_bsp.a(alt_isatty.o)
 .bss           0x04018778        0x0 ../lab1_bsp/\libucosii_bsp.a(alt_lseek.o)
 .bss           0x04018778        0x0 ../lab1_bsp/\libucosii_bsp.a(alt_main.o)
 .bss           0x04018778        0x0 ../lab1_bsp/\libucosii_bsp.a(alt_read.o)
 .bss           0x04018778        0x0 ../lab1_bsp/\libucosii_bsp.a(alt_release_fd.o)
 .bss           0x04018778        0x0 ../lab1_bsp/\libucosii_bsp.a(alt_sbrk.o)
 .bss           0x04018778        0x0 ../lab1_bsp/\libucosii_bsp.a(alt_write.o)
 .bss           0x04018778        0x0 ../lab1_bsp/\libucosii_bsp.a(alt_env_lock.o)
 .bss           0x04018778        0x0 ../lab1_bsp/\libucosii_bsp.a(alt_malloc_lock.o)
 .bss           0x04018778        0x0 ../lab1_bsp/\libucosii_bsp.a(os_core.o)
 .bss           0x04018778        0x0 ../lab1_bsp/\libucosii_bsp.a(os_dbg.o)
 .bss           0x04018778        0x0 ../lab1_bsp/\libucosii_bsp.a(os_flag.o)
 .bss           0x04018778        0x0 ../lab1_bsp/\libucosii_bsp.a(os_mem.o)
 .bss           0x04018778        0x0 ../lab1_bsp/\libucosii_bsp.a(os_q.o)
 .bss           0x04018778        0x0 ../lab1_bsp/\libucosii_bsp.a(os_sem.o)
 .bss           0x04018778        0x0 ../lab1_bsp/\libucosii_bsp.a(os_task.o)
 .bss           0x04018778        0x0 ../lab1_bsp/\libucosii_bsp.a(os_time.o)
 .bss           0x04018778        0x0 ../lab1_bsp/\libucosii_bsp.a(alt_sys_init.o)
 .bss           0x04018778        0x0 ../lab1_bsp/\libucosii_bsp.a(altera_avalon_epcs_flash_controller.o)
 .bss           0x04018778        0x0 ../lab1_bsp/\libucosii_bsp.a(altera_avalon_jtag_uart_fd.o)
 .bss           0x04018778        0x0 ../lab1_bsp/\libucosii_bsp.a(altera_avalon_jtag_uart_init.o)
 .bss           0x04018778        0x0 ../lab1_bsp/\libucosii_bsp.a(altera_avalon_jtag_uart_ioctl.o)
 .bss           0x04018778        0x0 ../lab1_bsp/\libucosii_bsp.a(altera_avalon_jtag_uart_read.o)
 .bss           0x04018778        0x0 ../lab1_bsp/\libucosii_bsp.a(altera_avalon_jtag_uart_write.o)
 .bss           0x04018778        0x0 ../lab1_bsp/\libucosii_bsp.a(altera_avalon_timer_sc.o)
 .bss           0x04018778        0x0 ../lab1_bsp/\libucosii_bsp.a(epcs_commands.o)
 .bss           0x04018778        0x0 ../lab1_bsp/\libucosii_bsp.a(alt_alarm_start.o)
 .bss           0x04018778        0x0 ../lab1_bsp/\libucosii_bsp.a(alt_dev_llist_insert.o)
 .bss           0x04018778        0x0 ../lab1_bsp/\libucosii_bsp.a(alt_do_ctors.o)
 .bss           0x04018778        0x0 ../lab1_bsp/\libucosii_bsp.a(alt_do_dtors.o)
 .bss           0x04018778        0x0 ../lab1_bsp/\libucosii_bsp.a(alt_flash_dev.o)
 .bss           0x04018778        0x0 ../lab1_bsp/\libucosii_bsp.a(alt_iic.o)
 .bss           0x04018778        0x0 ../lab1_bsp/\libucosii_bsp.a(alt_iic_isr_register.o)
 .bss           0x04018778        0x0 ../lab1_bsp/\libucosii_bsp.a(alt_io_redirect.o)
 .bss           0x04018778        0x0 ../lab1_bsp/\libucosii_bsp.a(alt_irq_entry.o)
 .bss           0x04018778        0x0 ../lab1_bsp/\libucosii_bsp.a(alt_irq_handler.o)
 .bss           0x04018778        0x0 ../lab1_bsp/\libucosii_bsp.a(alt_irq_vars.o)
 .bss           0x04018778        0x0 ../lab1_bsp/\libucosii_bsp.a(alt_open.o)
 .bss           0x04018778        0x0 ../lab1_bsp/\libucosii_bsp.a(alt_tick.o)
 .bss           0x04018778        0x0 ../lab1_bsp/\libucosii_bsp.a(altera_nios2_irq.o)
 .bss           0x04018778        0x0 ../lab1_bsp/\libucosii_bsp.a(os_cpu_a.o)
 .bss           0x04018778        0x0 ../lab1_bsp/\libucosii_bsp.a(os_cpu_c.o)
 .bss           0x04018778        0x0 ../lab1_bsp/\libucosii_bsp.a(altera_avalon_spi.o)
 .bss           0x04018778        0x0 ../lab1_bsp/\libucosii_bsp.a(alt_exception_entry.o)
 .bss           0x04018778        0x0 ../lab1_bsp/\libucosii_bsp.a(alt_find_dev.o)
 .bss           0x04018778        0x0 ../lab1_bsp/\libucosii_bsp.a(alt_find_file.o)
 .bss           0x04018778        0x0 ../lab1_bsp/\libucosii_bsp.a(alt_get_fd.o)
 .bss           0x04018778        0x0 c:/altera/11.0sp1/nios2eds/bin/gnu/h-i686-mingw32/bin/../lib/gcc/nios2-elf/4.1.2/../../../../nios2-elf/lib\libc.a(lib_a-atexit.o)
 .bss           0x04018778        0x0 c:/altera/11.0sp1/nios2eds/bin/gnu/h-i686-mingw32/bin/../lib/gcc/nios2-elf/4.1.2/../../../../nios2-elf/lib\libc.a(lib_a-exit.o)
 .bss           0x04018778        0x0 c:/altera/11.0sp1/nios2eds/bin/gnu/h-i686-mingw32/bin/../lib/gcc/nios2-elf/4.1.2/../../../../nios2-elf/lib\libc.a(lib_a-memcmp.o)
 .bss           0x04018778        0x0 c:/altera/11.0sp1/nios2eds/bin/gnu/h-i686-mingw32/bin/../lib/gcc/nios2-elf/4.1.2/../../../../nios2-elf/lib\libc.a(lib_a-__atexit.o)
 .bss           0x04018778        0x0 c:/altera/11.0sp1/nios2eds/bin/gnu/h-i686-mingw32/bin/../lib/gcc/nios2-elf/4.1.2/../../../../nios2-elf/lib\libc.a(lib_a-__call_atexit.o)
 .bss           0x04018778        0x0 ../lab1_bsp/\libucosii_bsp.a(alt_exit.o)
 *(COMMON)
 COMMON         0x04018778    0x8302c obj/hello_ucosii.o
                0x04018778                ISR_Mesg
                0x0409877c                Period_Args
                0x040987a4                TaskStartStk
                0x04098fa4                TaskStk
 COMMON         0x0409b7a4     0x32b4 ../lab1_bsp/\libucosii_bsp.a(os_core.o)
                0x0409b7a4                OSFlagTbl
                0x0409bb14                OSMemTbl
                0x0409c744                OSTaskStatStk
                0x0409cf44                OSQTbl
                0x0409d124                OSTaskIdleStk
                0x0409d924                OSEventTbl
                0x0409e464                OSTCBTbl
                0x0409ea04                OSTCBPrioTbl
 COMMON         0x0409ea58      0x100 ../lab1_bsp/\libucosii_bsp.a(alt_irq_handler.o)
                0x0409ea58                alt_irq
 COMMON         0x0409eb58      0x190 c:/altera/11.0sp1/nios2eds/bin/gnu/h-i686-mingw32/bin/../lib/gcc/nios2-elf/4.1.2/../../../../nios2-elf/lib\libc.a(lib_a-atexit.o)
                0x0409eb58                _atexit0
                0x0409ece8                . = ALIGN (0x4)
                0x0409ece8                __bss_end = ABSOLUTE (.)

.epcs           0x00000020        0x0
                0x00000020                PROVIDE (_alt_partition_epcs_start, ABSOLUTE (.))
 *(.epcs. epcs.*)
                0x00000020                . = ALIGN (0x4)
                0x00000020                PROVIDE (_alt_partition_epcs_end, ABSOLUTE (.))
                0x00000020                PROVIDE (_alt_partition_epcs_load_addr, LOADADDR (.epcs))

.sdram          0x0409ece8        0x0
                0x0409ece8                PROVIDE (_alt_partition_sdram_start, ABSOLUTE (.))
 *(.sdram. sdram.*)
                0x0409ece8                . = ALIGN (0x4)
                0x0409ece8                PROVIDE (_alt_partition_sdram_end, ABSOLUTE (.))
                0x0409ece8                _end = ABSOLUTE (.)
                0x0409ece8                end = ABSOLUTE (.)
                0x0409ece8                __alt_stack_base = ABSOLUTE (.)
                0x0409ece8                PROVIDE (_alt_partition_sdram_load_addr, LOADADDR (.sdram))

.stab
 *(.stab)

.stabstr
 *(.stabstr)

.stab.excl
 *(.stab.excl)

.stab.exclstr
 *(.stab.exclstr)

.stab.index
 *(.stab.index)

.stab.indexstr
 *(.stab.indexstr)

.comment        0x00000000       0x26
 *(.comment)
 .comment       0x00000000       0x26 obj/hello_ucosii.o
                                 0x27 (size before relaxing)
 .comment       0x00000000       0x27 c:/altera/11.0sp1/nios2eds/bin/gnu/h-i686-mingw32/bin/../lib/gcc/nios2-elf/4.1.2/../../../../nios2-elf/lib\libc.a(lib_a-printf.o)
 .comment       0x00000000       0x27 c:/altera/11.0sp1/nios2eds/bin/gnu/h-i686-mingw32/bin/../lib/gcc/nios2-elf/4.1.2/../../../../nios2-elf/lib\libc.a(lib_a-sprintf.o)
 .comment       0x00000000       0x27 c:/altera/11.0sp1/nios2eds/bin/gnu/h-i686-mingw32/bin/../lib/gcc/nios2-elf/4.1.2/../../../../nios2-elf/lib\libc.a(lib_a-vfprintf.o)
 .comment       0x00000000       0x27 c:/altera/11.0sp1/nios2eds/bin/gnu/h-i686-mingw32/bin/../lib/gcc/nios2-elf/4.1.2/../../../../nios2-elf/lib\libc.a(lib_a-wsetup.o)
 .comment       0x00000000       0x27 c:/altera/11.0sp1/nios2eds/bin/gnu/h-i686-mingw32/bin/../lib/gcc/nios2-elf/4.1.2/../../../../nios2-elf/lib\libc.a(lib_a-dtoa.o)
 .comment       0x00000000       0x27 c:/altera/11.0sp1/nios2eds/bin/gnu/h-i686-mingw32/bin/../lib/gcc/nios2-elf/4.1.2/../../../../nios2-elf/lib\libc.a(lib_a-fflush.o)
 .comment       0x00000000       0x27 c:/altera/11.0sp1/nios2eds/bin/gnu/h-i686-mingw32/bin/../lib/gcc/nios2-elf/4.1.2/../../../../nios2-elf/lib\libc.a(lib_a-findfp.o)
 .comment       0x00000000       0x27 c:/altera/11.0sp1/nios2eds/bin/gnu/h-i686-mingw32/bin/../lib/gcc/nios2-elf/4.1.2/../../../../nios2-elf/lib\libc.a(lib_a-freer.o)
 .comment       0x00000000       0x27 c:/altera/11.0sp1/nios2eds/bin/gnu/h-i686-mingw32/bin/../lib/gcc/nios2-elf/4.1.2/../../../../nios2-elf/lib\libc.a(lib_a-fvwrite.o)
 .comment       0x00000000       0x27 c:/altera/11.0sp1/nios2eds/bin/gnu/h-i686-mingw32/bin/../lib/gcc/nios2-elf/4.1.2/../../../../nios2-elf/lib\libc.a(lib_a-fwalk.o)
 .comment       0x00000000       0x27 c:/altera/11.0sp1/nios2eds/bin/gnu/h-i686-mingw32/bin/../lib/gcc/nios2-elf/4.1.2/../../../../nios2-elf/lib\libc.a(lib_a-impure.o)
 .comment       0x00000000       0x27 c:/altera/11.0sp1/nios2eds/bin/gnu/h-i686-mingw32/bin/../lib/gcc/nios2-elf/4.1.2/../../../../nios2-elf/lib\libc.a(lib_a-locale.o)
 .comment       0x00000000       0x27 c:/altera/11.0sp1/nios2eds/bin/gnu/h-i686-mingw32/bin/../lib/gcc/nios2-elf/4.1.2/../../../../nios2-elf/lib\libc.a(lib_a-makebuf.o)
 .comment       0x00000000       0x27 c:/altera/11.0sp1/nios2eds/bin/gnu/h-i686-mingw32/bin/../lib/gcc/nios2-elf/4.1.2/../../../../nios2-elf/lib\libc.a(lib_a-mallocr.o)
 .comment       0x00000000       0x27 c:/altera/11.0sp1/nios2eds/bin/gnu/h-i686-mingw32/bin/../lib/gcc/nios2-elf/4.1.2/../../../../nios2-elf/lib\libc.a(lib_a-memchr.o)
 .comment       0x00000000       0x27 c:/altera/11.0sp1/nios2eds/bin/gnu/h-i686-mingw32/bin/../lib/gcc/nios2-elf/4.1.2/../../../../nios2-elf/lib\libc.a(lib_a-memcpy.o)
 .comment       0x00000000       0x27 c:/altera/11.0sp1/nios2eds/bin/gnu/h-i686-mingw32/bin/../lib/gcc/nios2-elf/4.1.2/../../../../nios2-elf/lib\libc.a(lib_a-memmove.o)
 .comment       0x00000000       0x27 c:/altera/11.0sp1/nios2eds/bin/gnu/h-i686-mingw32/bin/../lib/gcc/nios2-elf/4.1.2/../../../../nios2-elf/lib\libc.a(lib_a-memset.o)
 .comment       0x00000000       0x27 c:/altera/11.0sp1/nios2eds/bin/gnu/h-i686-mingw32/bin/../lib/gcc/nios2-elf/4.1.2/../../../../nios2-elf/lib\libc.a(lib_a-mprec.o)
 .comment       0x00000000       0x27 c:/altera/11.0sp1/nios2eds/bin/gnu/h-i686-mingw32/bin/../lib/gcc/nios2-elf/4.1.2/../../../../nios2-elf/lib\libc.a(lib_a-reallocr.o)
 .comment       0x00000000       0x27 c:/altera/11.0sp1/nios2eds/bin/gnu/h-i686-mingw32/bin/../lib/gcc/nios2-elf/4.1.2/../../../../nios2-elf/lib\libc.a(lib_a-s_isinfd.o)
 .comment       0x00000000       0x27 c:/altera/11.0sp1/nios2eds/bin/gnu/h-i686-mingw32/bin/../lib/gcc/nios2-elf/4.1.2/../../../../nios2-elf/lib\libc.a(lib_a-s_isnand.o)
 .comment       0x00000000       0x27 c:/altera/11.0sp1/nios2eds/bin/gnu/h-i686-mingw32/bin/../lib/gcc/nios2-elf/4.1.2/../../../../nios2-elf/lib\libc.a(lib_a-sbrkr.o)
 .comment       0x00000000       0x27 c:/altera/11.0sp1/nios2eds/bin/gnu/h-i686-mingw32/bin/../lib/gcc/nios2-elf/4.1.2/../../../../nios2-elf/lib\libc.a(lib_a-stdio.o)
 .comment       0x00000000       0x27 c:/altera/11.0sp1/nios2eds/bin/gnu/h-i686-mingw32/bin/../lib/gcc/nios2-elf/4.1.2/../../../../nios2-elf/lib\libc.a(lib_a-strcmp.o)
 .comment       0x00000000       0x27 c:/altera/11.0sp1/nios2eds/bin/gnu/h-i686-mingw32/bin/../lib/gcc/nios2-elf/4.1.2/../../../../nios2-elf/lib\libc.a(lib_a-strlen.o)
 .comment       0x00000000       0x27 c:/altera/11.0sp1/nios2eds/bin/gnu/h-i686-mingw32/bin/../lib/gcc/nios2-elf/4.1.2/../../../../nios2-elf/lib\libc.a(lib_a-writer.o)
 .comment       0x00000000       0x27 c:/altera/11.0sp1/nios2eds/bin/gnu/h-i686-mingw32/bin/../lib/gcc/nios2-elf/4.1.2/../../../../nios2-elf/lib\libc.a(lib_a-callocr.o)
 .comment       0x00000000       0x27 c:/altera/11.0sp1/nios2eds/bin/gnu/h-i686-mingw32/bin/../lib/gcc/nios2-elf/4.1.2/../../../../nios2-elf/lib\libc.a(lib_a-closer.o)
 .comment       0x00000000       0x27 c:/altera/11.0sp1/nios2eds/bin/gnu/h-i686-mingw32/bin/../lib/gcc/nios2-elf/4.1.2/../../../../nios2-elf/lib\libc.a(lib_a-fclose.o)
 .comment       0x00000000       0x27 c:/altera/11.0sp1/nios2eds/bin/gnu/h-i686-mingw32/bin/../lib/gcc/nios2-elf/4.1.2/../../../../nios2-elf/lib\libc.a(lib_a-fstatr.o)
 .comment       0x00000000       0x27 c:/altera/11.0sp1/nios2eds/bin/gnu/h-i686-mingw32/bin/../lib/gcc/nios2-elf/4.1.2/../../../../nios2-elf/lib\libc.a(lib_a-int_errno.o)
 .comment       0x00000000       0x27 c:/altera/11.0sp1/nios2eds/bin/gnu/h-i686-mingw32/bin/../lib/gcc/nios2-elf/4.1.2/../../../../nios2-elf/lib\libc.a(lib_a-isattyr.o)
 .comment       0x00000000       0x27 c:/altera/11.0sp1/nios2eds/bin/gnu/h-i686-mingw32/bin/../lib/gcc/nios2-elf/4.1.2/../../../../nios2-elf/lib\libc.a(lib_a-lseekr.o)
 .comment       0x00000000       0x27 c:/altera/11.0sp1/nios2eds/bin/gnu/h-i686-mingw32/bin/../lib/gcc/nios2-elf/4.1.2/../../../../nios2-elf/lib\libc.a(lib_a-readr.o)
 .comment       0x00000000       0x27 c:/altera/11.0sp1/nios2eds/bin/gnu/h-i686-mingw32/bin/../lib/gcc/nios2-elf/4.1.2\libgcc.a(_udivdi3.o)
 .comment       0x00000000       0x27 c:/altera/11.0sp1/nios2eds/bin/gnu/h-i686-mingw32/bin/../lib/gcc/nios2-elf/4.1.2\libgcc.a(_umoddi3.o)
 .comment       0x00000000       0x27 c:/altera/11.0sp1/nios2eds/bin/gnu/h-i686-mingw32/bin/../lib/gcc/nios2-elf/4.1.2\libgcc.a(_addsub_df.o)
 .comment       0x00000000       0x27 c:/altera/11.0sp1/nios2eds/bin/gnu/h-i686-mingw32/bin/../lib/gcc/nios2-elf/4.1.2\libgcc.a(_mul_df.o)
 .comment       0x00000000       0x27 c:/altera/11.0sp1/nios2eds/bin/gnu/h-i686-mingw32/bin/../lib/gcc/nios2-elf/4.1.2\libgcc.a(_div_df.o)
 .comment       0x00000000       0x27 c:/altera/11.0sp1/nios2eds/bin/gnu/h-i686-mingw32/bin/../lib/gcc/nios2-elf/4.1.2\libgcc.a(_eq_df.o)
 .comment       0x00000000       0x27 c:/altera/11.0sp1/nios2eds/bin/gnu/h-i686-mingw32/bin/../lib/gcc/nios2-elf/4.1.2\libgcc.a(_ne_df.o)
 .comment       0x00000000       0x27 c:/altera/11.0sp1/nios2eds/bin/gnu/h-i686-mingw32/bin/../lib/gcc/nios2-elf/4.1.2\libgcc.a(_gt_df.o)
 .comment       0x00000000       0x27 c:/altera/11.0sp1/nios2eds/bin/gnu/h-i686-mingw32/bin/../lib/gcc/nios2-elf/4.1.2\libgcc.a(_ge_df.o)
 .comment       0x00000000       0x27 c:/altera/11.0sp1/nios2eds/bin/gnu/h-i686-mingw32/bin/../lib/gcc/nios2-elf/4.1.2\libgcc.a(_lt_df.o)
 .comment       0x00000000       0x27 c:/altera/11.0sp1/nios2eds/bin/gnu/h-i686-mingw32/bin/../lib/gcc/nios2-elf/4.1.2\libgcc.a(_si_to_df.o)
 .comment       0x00000000       0x27 c:/altera/11.0sp1/nios2eds/bin/gnu/h-i686-mingw32/bin/../lib/gcc/nios2-elf/4.1.2\libgcc.a(_df_to_si.o)
 .comment       0x00000000       0x27 c:/altera/11.0sp1/nios2eds/bin/gnu/h-i686-mingw32/bin/../lib/gcc/nios2-elf/4.1.2\libgcc.a(_thenan_df.o)
 .comment       0x00000000       0x27 c:/altera/11.0sp1/nios2eds/bin/gnu/h-i686-mingw32/bin/../lib/gcc/nios2-elf/4.1.2\libgcc.a(_usi_to_df.o)
 .comment       0x00000000       0x27 c:/altera/11.0sp1/nios2eds/bin/gnu/h-i686-mingw32/bin/../lib/gcc/nios2-elf/4.1.2\libgcc.a(lib2-divmod.o)
 .comment       0x00000000       0x27 c:/altera/11.0sp1/nios2eds/bin/gnu/h-i686-mingw32/bin/../lib/gcc/nios2-elf/4.1.2\libgcc.a(_muldi3.o)
 .comment       0x00000000       0x27 c:/altera/11.0sp1/nios2eds/bin/gnu/h-i686-mingw32/bin/../lib/gcc/nios2-elf/4.1.2\libgcc.a(_clz.o)
 .comment       0x00000000       0x27 c:/altera/11.0sp1/nios2eds/bin/gnu/h-i686-mingw32/bin/../lib/gcc/nios2-elf/4.1.2\libgcc.a(_clzsi2.o)
 .comment       0x00000000       0x27 c:/altera/11.0sp1/nios2eds/bin/gnu/h-i686-mingw32/bin/../lib/gcc/nios2-elf/4.1.2\libgcc.a(_pack_df.o)
 .comment       0x00000000       0x27 c:/altera/11.0sp1/nios2eds/bin/gnu/h-i686-mingw32/bin/../lib/gcc/nios2-elf/4.1.2\libgcc.a(_unpack_df.o)
 .comment       0x00000000       0x27 c:/altera/11.0sp1/nios2eds/bin/gnu/h-i686-mingw32/bin/../lib/gcc/nios2-elf/4.1.2\libgcc.a(_fpcmp_parts_df.o)
 .comment       0x00000000       0x27 ../lab1_bsp/\libucosii_bsp.a(alt_close.o)
 .comment       0x00000000       0x27 ../lab1_bsp/\libucosii_bsp.a(alt_dev.o)
 .comment       0x00000000       0x27 ../lab1_bsp/\libucosii_bsp.a(alt_errno.o)
 .comment       0x00000000       0x27 ../lab1_bsp/\libucosii_bsp.a(alt_fstat.o)
 .comment       0x00000000       0x27 ../lab1_bsp/\libucosii_bsp.a(alt_isatty.o)
 .comment       0x00000000       0x27 ../lab1_bsp/\libucosii_bsp.a(alt_lseek.o)
 .comment       0x00000000       0x27 ../lab1_bsp/\libucosii_bsp.a(alt_main.o)
 .comment       0x00000000       0x27 ../lab1_bsp/\libucosii_bsp.a(alt_read.o)
 .comment       0x00000000       0x27 ../lab1_bsp/\libucosii_bsp.a(alt_release_fd.o)
 .comment       0x00000000       0x27 ../lab1_bsp/\libucosii_bsp.a(alt_sbrk.o)
 .comment       0x00000000       0x27 ../lab1_bsp/\libucosii_bsp.a(alt_write.o)
 .comment       0x00000000       0x27 ../lab1_bsp/\libucosii_bsp.a(alt_env_lock.o)
 .comment       0x00000000       0x27 ../lab1_bsp/\libucosii_bsp.a(alt_malloc_lock.o)
 .comment       0x00000000       0x27 ../lab1_bsp/\libucosii_bsp.a(os_core.o)
 .comment       0x00000000       0x27 ../lab1_bsp/\libucosii_bsp.a(os_dbg.o)
 .comment       0x00000000       0x27 ../lab1_bsp/\libucosii_bsp.a(os_flag.o)
 .comment       0x00000000       0x27 ../lab1_bsp/\libucosii_bsp.a(os_mem.o)
 .comment       0x00000000       0x27 ../lab1_bsp/\libucosii_bsp.a(os_q.o)
 .comment       0x00000000       0x27 ../lab1_bsp/\libucosii_bsp.a(os_sem.o)
 .comment       0x00000000       0x27 ../lab1_bsp/\libucosii_bsp.a(os_task.o)
 .comment       0x00000000       0x27 ../lab1_bsp/\libucosii_bsp.a(os_time.o)
 .comment       0x00000000       0x27 ../lab1_bsp/\libucosii_bsp.a(alt_sys_init.o)
 .comment       0x00000000       0x27 ../lab1_bsp/\libucosii_bsp.a(altera_avalon_epcs_flash_controller.o)
 .comment       0x00000000       0x27 ../lab1_bsp/\libucosii_bsp.a(altera_avalon_jtag_uart_fd.o)
 .comment       0x00000000       0x27 ../lab1_bsp/\libucosii_bsp.a(altera_avalon_jtag_uart_init.o)
 .comment       0x00000000       0x27 ../lab1_bsp/\libucosii_bsp.a(altera_avalon_jtag_uart_ioctl.o)
 .comment       0x00000000       0x27 ../lab1_bsp/\libucosii_bsp.a(altera_avalon_jtag_uart_read.o)
 .comment       0x00000000       0x27 ../lab1_bsp/\libucosii_bsp.a(altera_avalon_jtag_uart_write.o)
 .comment       0x00000000       0x27 ../lab1_bsp/\libucosii_bsp.a(altera_avalon_timer_sc.o)
 .comment       0x00000000       0x27 ../lab1_bsp/\libucosii_bsp.a(epcs_commands.o)
 .comment       0x00000000       0x27 ../lab1_bsp/\libucosii_bsp.a(alt_alarm_start.o)
 .comment       0x00000000       0x27 ../lab1_bsp/\libucosii_bsp.a(alt_dev_llist_insert.o)
 .comment       0x00000000       0x27 ../lab1_bsp/\libucosii_bsp.a(alt_do_ctors.o)
 .comment       0x00000000       0x27 ../lab1_bsp/\libucosii_bsp.a(alt_do_dtors.o)
 .comment       0x00000000       0x27 ../lab1_bsp/\libucosii_bsp.a(alt_flash_dev.o)
 .comment       0x00000000       0x27 ../lab1_bsp/\libucosii_bsp.a(alt_iic.o)
 .comment       0x00000000       0x27 ../lab1_bsp/\libucosii_bsp.a(alt_iic_isr_register.o)
 .comment       0x00000000       0x27 ../lab1_bsp/\libucosii_bsp.a(alt_io_redirect.o)
 .comment       0x00000000       0x27 ../lab1_bsp/\libucosii_bsp.a(alt_irq_handler.o)
 .comment       0x00000000       0x27 ../lab1_bsp/\libucosii_bsp.a(alt_irq_vars.o)
 .comment       0x00000000       0x27 ../lab1_bsp/\libucosii_bsp.a(alt_open.o)
 .comment       0x00000000       0x27 ../lab1_bsp/\libucosii_bsp.a(alt_tick.o)
 .comment       0x00000000       0x27 ../lab1_bsp/\libucosii_bsp.a(altera_nios2_irq.o)
 .comment       0x00000000       0x27 ../lab1_bsp/\libucosii_bsp.a(os_cpu_c.o)
 .comment       0x00000000       0x27 ../lab1_bsp/\libucosii_bsp.a(altera_avalon_spi.o)
 .comment       0x00000000       0x27 ../lab1_bsp/\libucosii_bsp.a(alt_find_dev.o)
 .comment       0x00000000       0x27 ../lab1_bsp/\libucosii_bsp.a(alt_find_file.o)
 .comment       0x00000000       0x27 ../lab1_bsp/\libucosii_bsp.a(alt_get_fd.o)
 .comment       0x00000000       0x27 c:/altera/11.0sp1/nios2eds/bin/gnu/h-i686-mingw32/bin/../lib/gcc/nios2-elf/4.1.2/../../../../nios2-elf/lib\libc.a(lib_a-atexit.o)
 .comment       0x00000000       0x27 c:/altera/11.0sp1/nios2eds/bin/gnu/h-i686-mingw32/bin/../lib/gcc/nios2-elf/4.1.2/../../../../nios2-elf/lib\libc.a(lib_a-exit.o)
 .comment       0x00000000       0x27 c:/altera/11.0sp1/nios2eds/bin/gnu/h-i686-mingw32/bin/../lib/gcc/nios2-elf/4.1.2/../../../../nios2-elf/lib\libc.a(lib_a-memcmp.o)
 .comment       0x00000000       0x27 c:/altera/11.0sp1/nios2eds/bin/gnu/h-i686-mingw32/bin/../lib/gcc/nios2-elf/4.1.2/../../../../nios2-elf/lib\libc.a(lib_a-__atexit.o)
 .comment       0x00000000       0x27 c:/altera/11.0sp1/nios2eds/bin/gnu/h-i686-mingw32/bin/../lib/gcc/nios2-elf/4.1.2/../../../../nios2-elf/lib\libc.a(lib_a-__call_atexit.o)
 .comment       0x00000000       0x27 ../lab1_bsp/\libucosii_bsp.a(alt_exit.o)

.debug
 *(.debug)

.line
 *(.line)

.debug_srcinfo
 *(.debug_srcinfo)

.debug_sfnames
 *(.debug_sfnames)

.debug_aranges  0x00000000      0xdd0
 *(.debug_aranges)
 .debug_aranges
                0x00000000       0x20 ../lab1_bsp//obj/HAL/src/crt0.o
 .debug_aranges
                0x00000020       0x20 obj/hello_ucosii.o
 .debug_aranges
                0x00000040       0x20 c:/altera/11.0sp1/nios2eds/bin/gnu/h-i686-mingw32/bin/../lib/gcc/nios2-elf/4.1.2/../../../../nios2-elf/lib\libc.a(lib_a-printf.o)
 .debug_aranges
                0x00000060       0x20 c:/altera/11.0sp1/nios2eds/bin/gnu/h-i686-mingw32/bin/../lib/gcc/nios2-elf/4.1.2/../../../../nios2-elf/lib\libc.a(lib_a-sprintf.o)
 .debug_aranges
                0x00000080       0x20 c:/altera/11.0sp1/nios2eds/bin/gnu/h-i686-mingw32/bin/../lib/gcc/nios2-elf/4.1.2/../../../../nios2-elf/lib\libc.a(lib_a-vfprintf.o)
 .debug_aranges
                0x000000a0       0x20 c:/altera/11.0sp1/nios2eds/bin/gnu/h-i686-mingw32/bin/../lib/gcc/nios2-elf/4.1.2/../../../../nios2-elf/lib\libc.a(lib_a-wsetup.o)
 .debug_aranges