
 Start  Stop   Length Name               Class

 00000H 02519H 0251AH _TEXT              CODE
 0251AH 02795H 0027CH TEST_TEXT          CODE
 02796H 0286BH 000D6H OS_CPU_A_TEXT      CODE
 0286CH 02A41H 001D6H OS_CPU_C_TEXT      CODE
 02A42H 02DBEH 0037DH PC_TEXT            CODE
 02DBFH 06823H 03A65H UCOS_II_TEXT       CODE
 06830H 06830H 00000H _FARDATA           FAR_DATA
 06830H 06830H 00000H _FARBSS            FAR_BSS
 06830H 06830H 00000H _OVERLAY_          OVRINFO
 06830H 06830H 00000H _1STUB_            STUBSEG
 06830H 06D3DH 0050EH _DATA              DATA
 06D3EH 06D3FH 00002H _CVTSEG            DATA
 06D40H 06D45H 00006H _SCNSEG            DATA
 06D46H 06D46H 00000H _CONST             CONST
 06D46H 06D51H 0000CH _INIT_             INITDATA
 06D52H 06D52H 00000H _INITEND_          INITDATA
 06D52H 06D52H 00000H _EXIT_             EXITDATA
 06D52H 06D52H 00000H _EXITEND_          EXITDATA
 06D52H 0A3BFH 0366EH _BSS               BSS
 0A3C0H 0A3C0H 00000H _BSSEND            BSSEND
 0A3C0H 0A43FH 00080H _STACK             STACK


Detailed map of segments

 0000:0000 0295 C=CODE   S=_TEXT          G=(none)  M=c0.ASM     ACBP=28
 0000:0295 002D C=CODE   S=_TEXT          G=(none)  M=ATEXIT     ACBP=28
 0000:02C2 0093 C=CODE   S=_TEXT          G=(none)  M=EXIT       ACBP=28
 0000:0355 0000 C=CODE   S=_TEXT          G=(none)  M=FILES      ACBP=28
 0000:0355 0000 C=CODE   S=_TEXT          G=(none)  M=FILES2     ACBP=28
 0000:0355 0017 C=CODE   S=_TEXT          G=(none)  M=F_LXMUL    ACBP=28
 0000:036C 0026 C=CODE   S=_TEXT          G=(none)  M=GETDATE    ACBP=28
 0000:0392 00AE C=CODE   S=_TEXT          G=(none)  M=H_LDIV     ACBP=28
 0000:0440 0021 C=CODE   S=_TEXT          G=(none)  M=H_LLSH     ACBP=28
 0000:0461 0021 C=CODE   S=_TEXT          G=(none)  M=H_LURSH    ACBP=28
 0000:0482 0060 C=CODE   S=_TEXT          G=(none)  M=H_PADD     ACBP=28
 0000:04E2 004B C=CODE   S=_TEXT          G=(none)  M=IOERROR    ACBP=28
 0000:052D 0011 C=CODE   S=_TEXT          G=(none)  M=ISATTY     ACBP=28
 0000:053E 00A2 C=CODE   S=_TEXT          G=(none)  M=LONGTOA    ACBP=28
 0000:05E0 0029 C=CODE   S=_TEXT          G=(none)  M=LSEEK      ACBP=28
 0000:0609 0021 C=CODE   S=_TEXT          G=(none)  M=N_PCMP     ACBP=28
 0000:062A 00BA C=CODE   S=_TEXT          G=(none)  M=SETUPIO    ACBP=28
 0000:06E4 0000 C=CODE   S=_TEXT          G=(none)  M=STKLEN     ACBP=28
 0000:06E4 04DB C=CODE   S=_TEXT          G=(none)  M=VPRINTER   ACBP=28
 0000:0BBF 009F C=CODE   S=_TEXT          G=(none)  M=VRAM       ACBP=28
 0000:0C5E 0000 C=CODE   S=_TEXT          G=(none)  M=WSCROLL    ACBP=28
 0000:0C5E 014E C=CODE   S=_TEXT          G=(none)  M=CPRINTF    ACBP=28
 0000:0DAC 01A5 C=CODE   S=_TEXT          G=(none)  M=CRTINIT    ACBP=28
 0000:0F51 001F C=CODE   S=_TEXT          G=(none)  M=CVTFAK     ACBP=28
 0000:0F70 0432 C=CODE   S=_TEXT          G=(none)  M=FARHEAP    ACBP=28
 0000:13A2 0140 C=CODE   S=_TEXT          G=(none)  M=FBRK       ACBP=28
 0000:14E2 005E C=CODE   S=_TEXT          G=(none)  M=GETCH      ACBP=28
 0000:1540 00AC C=CODE   S=_TEXT          G=(none)  M=GPTEXT     ACBP=28
 0000:15EC 0012 C=CODE   S=_TEXT          G=(none)  M=KBHIT      ACBP=28
 0000:15FE 009D C=CODE   S=_TEXT          G=(none)  M=MOVETEXT   ACBP=28
 0000:169B 0017 C=CODE   S=_TEXT          G=(none)  M=PUTCH      ACBP=28
 0000:16B2 0004 C=CODE   S=_TEXT          G=(none)  M=REALCVT    ACBP=28
 0000:16B6 01C7 C=CODE   S=_TEXT          G=(none)  M=SCREEN     ACBP=28
 0000:187D 018E C=CODE   S=_TEXT          G=(none)  M=SCROLL     ACBP=28
 0000:1A0B 001C C=CODE   S=_TEXT          G=(none)  M=SETBLOCK   ACBP=28
 0000:1A27 006A C=CODE   S=_TEXT          G=(none)  M=SETJMP     ACBP=28
 0000:1A91 002C C=CODE   S=_TEXT          G=(none)  M=WHEREXY    ACBP=28
 0000:1ABD 00CD C=CODE   S=_TEXT          G=(none)  M=FFLUSH     ACBP=28
 0000:1B8A 0042 C=CODE   S=_TEXT          G=(none)  M=FLUSHALL   ACBP=28
 0000:1BCC 01E2 C=CODE   S=_TEXT          G=(none)  M=FSEEK      ACBP=28
 0000:1DAE 0024 C=CODE   S=_TEXT          G=(none)  M=MEMCPY     ACBP=28
 0000:1DD2 001B C=CODE   S=_TEXT          G=(none)  M=PRINTF     ACBP=28
 0000:1DED 03C8 C=CODE   S=_TEXT          G=(none)  M=PUTC       ACBP=28
 0000:21B5 011D C=CODE   S=_TEXT          G=(none)  M=SETVBUF    ACBP=28
 0000:22D2 0083 C=CODE   S=_TEXT          G=(none)  M=SPRINTF    ACBP=28
 0000:2355 0151 C=CODE   S=_TEXT          G=(none)  M=WRITE      ACBP=28
 0000:24A6 003C C=CODE   S=_TEXT          G=(none)  M=WRITEA     ACBP=28
 0000:24E2 0038 C=CODE   S=_TEXT          G=(none)  M=XFFLUSH    ACBP=28
 0251:000A 027C C=CODE   S=TEST_TEXT      G=(none)  M=test.c     ACBP=28
 0279:0006 00D6 C=CODE   S=OS_CPU_A_TEXT  G=(none)  M=\SOFTWARE\uCOS-II\Ix86L\BC45\OS_CPU_A.ASM ACBP=48
 0286:000C 01D6 C=CODE   S=OS_CPU_C_TEXT  G=(none)  M=os_cpu_c.c ACBP=28
 02A4:0002 037D C=CODE   S=PC_TEXT        G=(none)  M=pc.c       ACBP=28
 02DB:000F 3A65 C=CODE   S=UCOS_II_TEXT   G=(none)  M=ucos_ii.c  ACBP=28
 0683:0000 0000 C=FAR_DATA S=_FARDATA       G=(none)  M=c0.ASM     ACBP=68
 0683:0000 0000 C=FAR_BSS S=_FARBSS        G=(none)  M=c0.ASM     ACBP=68
 0683:0000 0000 C=OVRINFO S=_OVERLAY_      G=(none)  M=c0.ASM     ACBP=68
 0683:0000 0000 C=STUBSEG S=_1STUB_        G=(none)  M=c0.ASM     ACBP=68
 0683:0000 0093 C=DATA   S=_DATA          G=DGROUP  M=c0.ASM     ACBP=68
 0683:0094 003F C=DATA   S=_DATA          G=DGROUP  M=test.c     ACBP=48
 0683:00D4 0000 C=DATA   S=_DATA          G=DGROUP  M=\SOFTWARE\uCOS-II\Ix86L\BC45\OS_CPU_A.ASM ACBP=48
 0683:00D4 0000 C=DATA   S=_DATA          G=DGROUP  M=os_cpu_c.c ACBP=48
 0683:00D4 001F C=DATA   S=_DATA          G=DGROUP  M=pc.c       ACBP=48
 0683:00F4 0135 C=DATA   S=_DATA          G=DGROUP  M=ucos_ii.c  ACBP=48
 0683:022A 0002 C=DATA   S=_DATA          G=DGROUP  M=ATEXIT     ACBP=48
 0683:022C 000C C=DATA   S=_DATA          G=DGROUP  M=EXIT       ACBP=48
 0683:0238 0190 C=DATA   S=_DATA          G=DGROUP  M=FILES      ACBP=48
 0683:03C8 002A C=DATA   S=_DATA          G=DGROUP  M=FILES2     ACBP=48
 0683:03F2 0000 C=DATA   S=_DATA          G=DGROUP  M=F_LXMUL    ACBP=48
 0683:03F2 0000 C=DATA   S=_DATA          G=DGROUP  M=GETDATE    ACBP=48
 0683:03F2 0000 C=DATA   S=_DATA          G=DGROUP  M=H_LDIV     ACBP=48
 0683:03F2 0000 C=DATA   S=_DATA          G=DGROUP  M=H_LLSH     ACBP=48
 0683:03F2 0000 C=DATA   S=_DATA          G=DGROUP  M=H_LURSH    ACBP=48
 0683:03F2 0000 C=DATA   S=_DATA          G=DGROUP  M=H_PADD     ACBP=48
 0683:03F2 005B C=DATA   S=_DATA          G=DGROUP  M=IOERROR    ACBP=48
 0683:044E 0000 C=DATA   S=_DATA          G=DGROUP  M=ISATTY     ACBP=48
 0683:044E 0000 C=DATA   S=_DATA          G=DGROUP  M=LONGTOA    ACBP=48
 0683:044E 0000 C=DATA   S=_DATA          G=DGROUP  M=LSEEK      ACBP=48
 0683:044E 0000 C=DATA   S=_DATA          G=DGROUP  M=N_PCMP     ACBP=48
 0683:044E 0000 C=DATA   S=_DATA          G=DGROUP  M=SETUPIO    ACBP=48
 0683:044E 0002 C=DATA   S=_DATA          G=DGROUP  M=STKLEN     ACBP=48
 0683:0450 0067 C=DATA   S=_DATA          G=DGROUP  M=VPRINTER   ACBP=48
 0683:04B8 0000 C=DATA   S=_DATA          G=DGROUP  M=VRAM       ACBP=48
 0683:04B8 0002 C=DATA   S=_DATA          G=DGROUP  M=WSCROLL    ACBP=48
 0683:04BA 0000 C=DATA   S=_DATA          G=DGROUP  M=CPRINTF    ACBP=48
 0683:04BA 0018 C=DATA   S=_DATA          G=DGROUP  M=CRTINIT    ACBP=48
 0683:04D2 0031 C=DATA   S=_DATA          G=DGROUP  M=CVTFAK     ACBP=48
 0683:0504 0000 C=DATA   S=_DATA          G=DGROUP  M=FARHEAP    ACBP=48
 0683:0504 0002 C=DATA   S=_DATA          G=DGROUP  M=FBRK       ACBP=48
 0683:0506 0000 C=DATA   S=_DATA          G=DGROUP  M=GETCH      ACBP=48
 0683:0506 0000 C=DATA   S=_DATA          G=DGROUP  M=GPTEXT     ACBP=48
 0683:0506 0002 C=DATA   S=_DATA          G=DGROUP  M=KBHIT      ACBP=48
 0683:0508 0000 C=DATA   S=_DATA          G=DGROUP  M=MOVETEXT   ACBP=48
 0683:0508 0000 C=DATA   S=_DATA          G=DGROUP  M=PUTCH      ACBP=48
 0683:0508 0000 C=DATA   S=_DATA          G=DGROUP  M=REALCVT    ACBP=48
 0683:0508 0000 C=DATA   S=_DATA          G=DGROUP  M=SCREEN     ACBP=48
 0683:0508 0000 C=DATA   S=_DATA          G=DGROUP  M=SCROLL     ACBP=48
 0683:0508 0000 C=DATA   S=_DATA          G=DGROUP  M=SETBLOCK   ACBP=48
 0683:0508 0000 C=DATA   S=_DATA          G=DGROUP  M=SETJMP     ACBP=48
 0683:0508 0000 C=DATA   S=_DATA          G=DGROUP  M=WHEREXY    ACBP=48
 0683:0508 0000 C=DATA   S=_DATA          G=DGROUP  M=FFLUSH     ACBP=48
 0683:0508 0000 C=DATA   S=_DATA          G=DGROUP  M=FLUSHALL   ACBP=48
 0683:0508 0000 C=DATA   S=_DATA          G=DGROUP  M=FSEEK      ACBP=48
 0683:0508 0000 C=DATA   S=_DATA          G=DGROUP  M=MEMCPY     ACBP=48
 0683:0508 0000 C=DATA   S=_DATA          G=DGROUP  M=PRINTF     ACBP=48
 0683:0508 0001 C=DATA   S=_DATA          G=DGROUP  M=PUTC       ACBP=48
 0683:050A 0004 C=DATA   S=_DATA          G=DGROUP  M=SETVBUF    ACBP=48
 0683:050E 0000 C=DATA   S=_DATA          G=DGROUP  M=SPRINTF    ACBP=48
 0683:050E 0000 C=DATA   S=_DATA          G=DGROUP  M=WRITE      ACBP=48
 0683:050E 0000 C=DATA   S=_DATA          G=DGROUP  M=WRITEA     ACBP=48
 0683:050E 0000 C=DATA   S=_DATA          G=DGROUP  M=XFFLUSH    ACBP=48
 0683:050E 0000 C=DATA   S=_CVTSEG        G=DGROUP  M=c0.ASM     ACBP=48
 0683:050E 0002 C=DATA   S=_CVTSEG        G=DGROUP  M=CVTFAK     ACBP=48
 0683:0510 0000 C=DATA   S=_CVTSEG        G=DGROUP  M=REALCVT    ACBP=48
 0683:0510 0000 C=DATA   S=_SCNSEG        G=DGROUP  M=c0.ASM     ACBP=48
 0683:0510 0006 C=DATA   S=_SCNSEG        G=DGROUP  M=CVTFAK     ACBP=48
 0683:0516 0000 C=CONST  S=_CONST         G=DGROUP  M=c0.ASM     ACBP=48
 0683:0516 0000 C=INITDATA S=_INIT_         G=DGROUP  M=c0.ASM     ACBP=48
 0683:0516 0006 C=INITDATA S=_INIT_         G=DGROUP  M=SETUPIO    ACBP=48
 0683:051C 0006 C=INITDATA S=_INIT_         G=DGROUP  M=CRTINIT    ACBP=48
 0683:0522 0000 C=INITDATA S=_INITEND_      G=DGROUP  M=c0.ASM     ACBP=28
 0683:0522 0000 C=EXITDATA S=_EXIT_         G=DGROUP  M=c0.ASM     ACBP=48
 0683:0522 0000 C=EXITDATA S=_EXITEND_      G=DGROUP  M=c0.ASM     ACBP=28
 0683:0522 0000 C=BSS    S=_BSS           G=DGROUP  M=c0.ASM     ACBP=48
 0683:0522 1814 C=BSS    S=_BSS           G=DGROUP  M=test.c     ACBP=48
 0683:1D36 0001 C=BSS    S=_BSS           G=DGROUP  M=os_cpu_c.c ACBP=48
 0683:1D38 001B C=BSS    S=_BSS           G=DGROUP  M=pc.c       ACBP=48
 0683:1D54 1DBA C=BSS    S=_BSS           G=DGROUP  M=ucos_ii.c  ACBP=48
 0683:3B0E 0080 C=BSS    S=_BSS           G=DGROUP  M=ATEXIT     ACBP=48
 0683:3B8E 0000 C=BSS    S=_BSS           G=DGROUP  M=IOERROR    ACBP=48
 0683:3B8E 0000 C=BSS    S=_BSS           G=DGROUP  M=ISATTY     ACBP=48
 0683:3B8E 0000 C=BSS    S=_BSS           G=DGROUP  M=LONGTOA    ACBP=48
 0683:3B8E 0000 C=BSS    S=_BSS           G=DGROUP  M=LSEEK      ACBP=48
 0683:3B8E 0000 C=BSS    S=_BSS           G=DGROUP  M=SETUPIO    ACBP=48
 0683:3B8E 0000 C=BSS    S=_BSS           G=DGROUP  M=VPRINTER   ACBP=48
 0683:3B8E 0000 C=BSS    S=_BSS           G=DGROUP  M=VRAM       ACBP=48
 0683:3B8E 0000 C=BSS    S=_BSS           G=DGROUP  M=CRTINIT    ACBP=48
 0683:3B8E 0000 C=BSS    S=_BSS           G=DGROUP  M=GETCH      ACBP=48
 0683:3B8E 0000 C=BSS    S=_BSS           G=DGROUP  M=KBHIT      ACBP=48
 0683:3B8E 0000 C=BSS    S=_BSS           G=DGROUP  M=SETBLOCK   ACBP=48
 0683:3B8E 0000 C=BSS    S=_BSS           G=DGROUP  M=SETJMP     ACBP=48
 0683:3B8E 0000 C=BSS    S=_BSS           G=DGROUP  M=MEMCPY     ACBP=48
 0683:3B8E 0001 C=BSS    S=_BSS           G=DGROUP  M=PUTC       ACBP=48
 0683:3B90 0000 C=BSS    S=_BSS           G=DGROUP  M=WRITEA     ACBP=48
 0683:3B90 0000 C=BSSEND S=_BSSEND        G=DGROUP  M=c0.ASM     ACBP=28
 0A3C:0000 0080 C=STACK  S=_STACK         G=(none)  M=c0.ASM     ACBP=74

  Address         Publics by Name

 0683:0000 idle  DATASEG@
 0000:0291 idle  DGROUP@
 0000:0395 idle  F_LDIV@
 0000:03A4 idle  F_LMOD@
 0000:039C       F_LUDIV@
 0000:03AC idle  F_LUMOD@
 0000:0443       F_LXLSH@
 0000:0355       F_LXMUL@
 0000:0464       F_LXURSH@
 0000:0485 idle  F_PADD@
 0000:04B4 idle  F_PSUB@
 0000:0395 idle  LDIV@
 0000:03A4 idle  LMOD@
 0000:039C idle  LUDIV@
 0000:03AC idle  LUMOD@
 0000:0443 idle  LXLSH@
 0000:0355 idle  LXMUL@
 0000:0464 idle  LXURSH@
 0000:0392 idle  N_LDIV@
 0000:03A1 idle  N_LMOD@
 0000:0399 idle  N_LUDIV@
 0000:03A9 idle  N_LUMOD@
 0000:0440       N_LXLSH@
 0000:0461 idle  N_LXURSH@
 0000:0482       N_PADD@
 0000:0609       N_PCMP@
 0000:04B1 idle  N_PSUB@
 0000:0485 idle  PADD@
 0000:04B4 idle  PSUB@
 0000:027A       _abort
 0000:0295 idle  _atexit
 0000:0D90 idle  _cprintf
 0683:04C9       _directvideo
 0683:007F       _errno
 0000:031A       _exit
 0000:10B0 idle  _farfree
 0000:11C4 idle  _farmalloc
 0000:1328 idle  _farrealloc
 0000:1ABD       _fflush
 0000:1B8A       _flushall
 0000:1E09 idle  _fputc
 0000:1F9E idle  _fputchar
 0000:10B0       _free
 0000:1C4E       _fseek
 0000:1CCE idle  _ftell
 0000:14E2       _getch
 0000:14FE idle  _getche
 0000:036C       _getdate
 0000:1540       _gettext
 0000:037F       _gettime
 0000:052D       _isatty
 0683:1D54       _ISR_Mesg
 0000:15EC       _kbhit
 0000:1A5D       _longjmp
 0000:05E0       _lseek
 0251:000A       _main
 0000:11BA       _malloc
 0000:1DAE       _memcpy
 0000:15FE       _movetext
 0683:3A3E idle  _OSCPUUsage
 0279:0024       _OSCtxSw
 0683:3B0A       _OSCtxSwCtr
 0683:3B06 idle  _OSEventFreeList
 0683:3A66 idle  _OSEventTbl
 02DB:0A1F idle  _OSFlagAccept
 02DB:0B51 idle  _OSFlagCreate
 02DB:0BC9 idle  _OSFlagDel
 0683:3A3F idle  _OSFlagFreeList
 02DB:0D0B idle  _OSFlagPend
 02DB:0F65 idle  _OSFlagPost
 02DB:1105 idle  _OSFlagQuery
 0683:3A43 idle  _OSFlagTbl
 0683:3621 idle  _OSIdleCtr
 0683:3A3A idle  _OSIdleCtrMax
 0683:3A36 idle  _OSIdleCtrRun
 02DB:000F       _OSInit
 0286:000C       _OSInitHookBegin
 0286:000D       _OSInitHookEnd
 0279:005F       _OSIntCtxSw
 02DB:0047 idle  _OSIntEnter
 02DB:005A       _OSIntExit
 0683:3633 idle  _OSIntExitY
 0683:3634       _OSIntNesting
 0683:3632 idle  _OSLockNesting
 0683:00F4 idle  _OSMapTbl
 02DB:1395 idle  _OSMboxAccept
 02DB:13E0 idle  _OSMboxCreate
 02DB:1455 idle  _OSMboxDel
 02DB:1573 idle  _OSMboxPend
 02DB:1675 idle  _OSMboxPost
 02DB:16ED idle  _OSMboxPostOpt
 02DB:1790 idle  _OSMboxQuery
 02DB:1884 idle  _OSMemCreate
 0683:2316 idle  _OSMemFreeList
 02DB:19CF idle  _OSMemGet
 02DB:1A4D idle  _OSMemPut
 02DB:1ABD idle  _OSMemQuery
 0683:224E idle  _OSMemTbl
 02DB:1C0A idle  _OSMutexAccept
 02DB:1C95 idle  _OSMutexCreate
 02DB:1D7B idle  _OSMutexDel
 02DB:1ED5 idle  _OSMutexPend
 02DB:20C0 idle  _OSMutexPost
 02DB:2248 idle  _OSMutexQuery
 0683:3631       _OSPrioCur
 0683:3630       _OSPrioHighRdy
 02DB:2363 idle  _OSQAccept
 02DB:2403 idle  _OSQCreate
 02DB:2526 idle  _OSQDel
 02DB:26A3 idle  _OSQFlush
 0683:224A idle  _OSQFreeList
 02DB:26FB idle  _OSQPend
 02DB:2841 idle  _OSQPost
 02DB:2909 idle  _OSQPostFront
 02DB:29CB idle  _OSQPostOpt
 02DB:2B09 idle  _OSQQuery
 0683:215A idle  _OSQTbl
 0683:362F idle  _OSRdyGrp
 0683:3627 idle  _OSRdyTbl
 0683:3626       _OSRunning
 02DB:0169 idle  _OSSchedLock
 02DB:017F idle  _OSSchedUnlock
 02DB:2C94 idle  _OSSemAccept
 02DB:2CC6 idle  _OSSemCreate
 02DB:2D3A idle  _OSSemDel
 02DB:2E58 idle  _OSSemPend
 02DB:2F08 idle  _OSSemPost
 02DB:2F62 idle  _OSSemQuery
 02DB:01AC       _OSStart
 0279:0006       _OSStartHighRdy
 02DB:020B idle  _OSStatInit
 0683:3A35 idle  _OSStatRdy
 02DB:304E idle  _OSTaskChangePrio
 02DB:321A       _OSTaskCreate
 02DB:32D7 idle  _OSTaskCreateExt
 0286:000E       _OSTaskCreateHook
 0683:3625 idle  _OSTaskCtr
 02DB:33C7 idle  _OSTaskDel
 0286:0013       _OSTaskDelHook
 02DB:35A6 idle  _OSTaskDelReq
 0286:0018       _OSTaskIdleHook
 0683:3221 idle  _OSTaskIdleStk
 02DB:3824 idle  _OSTaskQuery
 02DB:3612 idle  _OSTaskResume
 0286:0019       _OSTaskStatHook
 0683:3635 idle  _OSTaskStatStk
 02DB:3691 idle  _OSTaskStkChk
 0286:001A       _OSTaskStkInit
 0286:0100 idle  _OSTaskStkInit_FPE_x86
 02DB:3776 idle  _OSTaskSuspend
 0286:01DB       _OSTaskSwHook
 0683:321D       _OSTCBCur
 0683:3219 idle  _OSTCBFreeList
 0683:3215       _OSTCBHighRdy
 0286:01DC       _OSTCBInitHook
 0683:3211 idle  _OSTCBList
 0683:3111 idle  _OSTCBPrioTbl
 0683:231A idle  _OSTCBTbl
 0683:1D36       _OSTickDOSCtr
 0279:008C       _OSTickISR
 0683:2156       _OSTime
 02DB:3892       _OSTimeDly
 02DB:38D9       _OSTimeDlyHMSM
 02DB:39C8 idle  _OSTimeDlyResume
 02DB:3A40       _OSTimeGet
 02DB:3A5F       _OSTimeSet
 02DB:0246       _OSTimeTick
 0286:01E1       _OSTimeTickHook
 0683:00FC idle  _OSUnMapTbl
 02DB:02DF idle  _OSVersion
 02DB:02E3 idle  _OS_Dummy
 02DB:02E4 idle  _OS_EventTaskRdy
 02DB:03AE idle  _OS_EventTaskWait
 02DB:041B idle  _OS_EventTO
 02DB:046F idle  _OS_EventWaitListInit
 02DB:1227 idle  _OS_FlagInit
 02DB:12E6 idle  _OS_FlagUnlink
 02DB:1B66 idle  _OS_MemInit
 02DB:2C44 idle  _OS_QInit
 02DB:06A5 idle  _OS_Sched
 02DB:079B idle  _OS_TaskIdle
 02DB:07C0 idle  _OS_TaskStat
 02DB:088C idle  _OS_TCBInit
 02A4:0002 idle  _PC_DispChar
 02A4:0040 idle  _PC_DispClrCol
 02A4:0086 idle  _PC_DispClrRow
 02A4:00BF idle  _PC_DispClrScr
 02A4:00F0 idle  _PC_DispStr
 02A4:013F       _PC_DOSReturn
 02A4:0153       _PC_DOSSaveReturn
 02A4:01C1 idle  _PC_ElapsedInit
 02A4:01D5 idle  _PC_ElapsedStart
 02A4:01FB idle  _PC_ElapsedStop
 02A4:024C idle  _PC_GetDateTime
 02A4:029F       _PC_GetKey
 02A4:02C6       _PC_SetTickRate
 0683:1D38 idle  _PC_TickISR
 02A4:0313 idle  _PC_VectGet
 02A4:034A       _PC_VectSet
 0251:0170 idle  _PeriodTask
 0683:0522 idle  _Period_Args
 0000:1DD2       _printf
 0000:169B       _putch
 0000:1596       _puttext
 0000:1321 idle  _realloc
 0000:1A0B       _setblock
 0000:1A27       _setjmp
 0000:21B5       _setvbuf
 0000:2312       _sprintf
 0251:0043 idle  _TaskStart
 0683:0536 idle  _TaskStartStk
 0683:0936 idle  _TaskStk
 0000:1522 idle  _ungetch
 0000:2334 idle  _vsprintf
 0000:1A9B idle  _wherex
 0000:1AAA idle  _wherey
 0000:1000 idle  __AHINCR
 0000:000C idle  __AHSHIFT
 0683:022A       __atexitcnt
 0683:3B0E       __atexittbl
 0000:1418       __brk
 0683:008B       __brklvl
 0683:006B idle  __C0argc
 0683:006D idle  __C0argv
 0000:0E72 idle  __c0crtinit
 0683:0071 idle  __C0environ
 0683:0507       __cChar
 0000:033B idle  __cexit
 0683:0506       __cFlag
 0000:016A       __checknull
 0000:0157       __cleanup
 0000:0C5E       __CPUTN
 0000:0E8F idle  __crtinit
 0000:0000  Abs  __cvtfak
 0000:0349 idle  __c_exit
 0683:03F2 idle  __doserrno
 0000:051B idle  __DOSERROR
 0683:03F4 idle  __dosErrorToSV
 0683:0075 idle  __envLng
 0683:0077 idle  __envseg
 0683:0079 idle  __envSize
 0000:0329       __exit
 0683:022C       __exitbuf
 0683:0230 idle  __exitfopen
 0683:0234 idle  __exitopen
 0000:1DED idle  __fputc
 0000:1FB2       __FPUTN
 0683:0087       __heapbase
 0683:008F       __heaptop
 0683:005B idle  __Int0Vector
 0683:005F idle  __Int4Vector
 0683:0063 idle  __Int5Vector
 0683:0067 idle  __Int6Vector
 0000:04E2       __IOERROR
 0000:053E       __LONGTOA
 0000:0293 idle  __MMODEL
 0683:03C8       __nfile
 0000:14FB idle  __Ngetche
 0000:151F idle  __Nungetch
 0683:03CA       __openfd
 0683:007D idle  __osmajor
 0683:007E idle  __osminor
 0683:007D idle  __osversion
 0683:007B       __psp
 0000:16B2       __REALCVT
 0683:050E       __RealCvtVector
 0000:01C0       __restorezero
 0000:1457       __sbrk
 0683:0510 idle  __ScanTodVector
 0000:17EC       __SCREENIO
 0000:189F       __SCROLL
 0000:062A       __setupio
 0683:0081 idle  __StartTime
 0683:044E       __stklen
 0683:0238       __streams
 0000:016B       __terminate
 0000:0000 idle  __turboCrt
 0000:05C0 idle  __UTOA
 0000:1828       __VALIDATEXY
 0683:007D idle  __version
 0683:04BA       __video
 0000:0DE7       __VideoInt
 0000:06FC       __VPRINTER
 0000:0BBF       __VPTR
 0000:0BE4       __VRAM
 0000:1A91       __wherexy
 0000:24A6       __write
 0683:04B8       __wscroll
 0000:24E2       __xfflush
 0683:0085 idle  ___brklvl
 0000:0F70 idle  ___first
 0000:0F72 idle  ___last
 0000:0F74 idle  ___rover
 0000:2355       ___write

  Address         Publics by Value

 0000:0000 idle  __turboCrt
 0000:0000  Abs  __cvtfak
 0000:000C idle  __AHSHIFT
 0000:0157       __cleanup
 0000:016A       __checknull
 0000:016B       __terminate
 0000:01C0       __restorezero
 0000:027A       _abort
 0000:0291 idle  DGROUP@
 0000:0293 idle  __MMODEL
 0000:0295 idle  _atexit
 0000:031A       _exit
 0000:0329       __exit
 0000:033B idle  __cexit
 0000:0349 idle  __c_exit
 0000:0355       F_LXMUL@
 0000:0355 idle  LXMUL@
 0000:036C       _getdate
 0000:037F       _gettime
 0000:0392 idle  N_LDIV@
 0000:0395 idle  LDIV@
 0000:0395 idle  F_LDIV@
 0000:0399 idle  N_LUDIV@
 0000:039C       F_LUDIV@
 0000:039C idle  LUDIV@
 0000:03A1 idle  N_LMOD@
 0000:03A4 idle  F_LMOD@
 0000:03A4 idle  LMOD@
 0000:03A9 idle  N_LUMOD@
 0000:03AC idle  LUMOD@
 0000:03AC idle  F_LUMOD@
 0000:0440       N_LXLSH@
 0000:0443       F_LXLSH@
 0000:0443 idle  LXLSH@
 0000:0461 idle  N_LXURSH@
 0000:0464       F_LXURSH@
 0000:0464 idle  LXURSH@
 0000:0482       N_PADD@
 0000:0485 idle  F_PADD@
 0000:0485 idle  PADD@
 0000:04B1 idle  N_PSUB@
 0000:04B4 idle  F_PSUB@
 0000:04B4 idle  PSUB@
 0000:04E2       __IOERROR
 0000:051B idle  __DOSERROR
 0000:052D       _isatty
 0000:053E       __LONGTOA
 0000:05C0 idle  __UTOA
 0000:05E0       _lseek
 0000:0609       N_PCMP@
 0000:062A       __setupio
 0000:06FC       __VPRINTER
 0000:0BBF       __VPTR
 0000:0BE4       __VRAM
 0000:0C5E       __CPUTN
 0000:0D90 idle  _cprintf
 0000:0DE7       __VideoInt
 0000:0E72 idle  __c0crtinit
 0000:0E8F idle  __crtinit
 0000:0F70 idle  ___first
 0000:0F72 idle  ___last
 0000:0F74 idle  ___rover
 0000:1000 idle  __AHINCR
 0000:10B0       _free
 0000:10B0 idle  _farfree
 0000:11BA       _malloc
 0000:11C4 idle  _farmalloc
 0000:1321 idle  _realloc
 0000:1328 idle  _farrealloc
 0000:1418       __brk
 0000:1457       __sbrk
 0000:14E2       _getch
 0000:14FB idle  __Ngetche
 0000:14FE idle  _getche
 0000:151F idle  __Nungetch
 0000:1522 idle  _ungetch
 0000:1540       _gettext
 0000:1596       _puttext
 0000:15EC       _kbhit
 0000:15FE       _movetext
 0000:169B       _putch
 0000:16B2       __REALCVT
 0000:17EC       __SCREENIO
 0000:1828       __VALIDATEXY
 0000:189F       __SCROLL
 0000:1A0B       _setblock
 0000:1A27       _setjmp
 0000:1A5D       _longjmp
 0000:1A91       __wherexy
 0000:1A9B idle  _wherex
 0000:1AAA idle  _wherey
 0000:1ABD       _fflush
 0000:1B8A       _flushall
 0000:1C4E       _fseek
 0000:1CCE idle  _ftell
 0000:1DAE       _memcpy
 0000:1DD2       _printf
 0000:1DED idle  __fputc
 0000:1E09 idle  _fputc
 0000:1F9E idle  _fputchar
 0000:1FB2       __FPUTN
 0000:21B5       _setvbuf
 0000:2312       _sprintf
 0000:2334 idle  _vsprintf
 0000:2355       ___write
 0000:24A6       __write
 0000:24E2       __xfflush
 0251:000A       _main
 0251:0043 idle  _TaskStart
 0251:0170 idle  _PeriodTask
 0279:0006       _OSStartHighRdy
 0279:0024       _OSCtxSw
 0279:005F       _OSIntCtxSw
 0279:008C       _OSTickISR
 0286:000C       _OSInitHookBegin
 0286:000D       _OSInitHookEnd
 0286:000E       _OSTaskCreateHook
 0286:0013       _OSTaskDelHook
 0286:0018       _OSTaskIdleHook
 0286:0019       _OSTaskStatHook
 0286:001A       _OSTaskStkInit
 0286:0100 idle  _OSTaskStkInit_FPE_x86
 0286:01DB       _OSTaskSwHook
 0286:01DC       _OSTCBInitHook
 0286:01E1       _OSTimeTickHook
 02A4:0002 idle  _PC_DispChar
 02A4:0040 idle  _PC_DispClrCol
 02A4:0086 idle  _PC_DispClrRow
 02A4:00BF idle  _PC_DispClrScr
 02A4:00F0 idle  _PC_DispStr
 02A4:013F       _PC_DOSReturn
 02A4:0153       _PC_DOSSaveReturn
 02A4:01C1 idle  _PC_ElapsedInit
 02A4:01D5 idle  _PC_ElapsedStart
 02A4:01FB idle  _PC_ElapsedStop
 02A4:024C idle  _PC_GetDateTime
 02A4:029F       _PC_GetKey
 02A4:02C6       _PC_SetTickRate
 02A4:0313 idle  _PC_VectGet
 02A4:034A       _PC_VectSet
 02DB:000F       _OSInit
 02DB:0047 idle  _OSIntEnter
 02DB:005A       _OSIntExit
 02DB:0169 idle  _OSSchedLock
 02DB:017F idle  _OSSchedUnlock
 02DB:01AC       _OSStart
 02DB:020B idle  _OSStatInit
 02DB:0246       _OSTimeTick
 02DB:02DF idle  _OSVersion
 02DB:02E3 idle  _OS_Dummy
 02DB:02E4 idle  _OS_EventTaskRdy
 02DB:03AE idle  _OS_EventTaskWait
 02DB:041B idle  _OS_EventTO
 02DB:046F idle  _OS_EventWaitListInit
 02DB:06A5 idle  _OS_Sched
 02DB:079B idle  _OS_TaskIdle
 02DB:07C0 idle  _OS_TaskStat
 02DB:088C idle  _OS_TCBInit
 02DB:0A1F idle  _OSFlagAccept
 02DB:0B51 idle  _OSFlagCreate
 02DB:0BC9 idle  _OSFlagDel
 02DB:0D0B idle  _OSFlagPend
 02DB:0F65 idle  _OSFlagPost
 02DB:1105 idle  _OSFlagQuery
 02DB:1227 idle  _OS_FlagInit
 02DB:12E6 idle  _OS_FlagUnlink
 02DB:1395 idle  _OSMboxAccept
 02DB:13E0 idle  _OSMboxCreate
 02DB:1455 idle  _OSMboxDel
 02DB:1573 idle  _OSMboxPend
 02DB:1675 idle  _OSMboxPost
 02DB:16ED idle  _OSMboxPostOpt
 02DB:1790 idle  _OSMboxQuery
 02DB:1884 idle  _OSMemCreate
 02DB:19CF idle  _OSMemGet
 02DB:1A4D idle  _OSMemPut
 02DB:1ABD idle  _OSMemQuery
 02DB:1B66 idle  _OS_MemInit
 02DB:1C0A idle  _OSMutexAccept
 02DB:1C95 idle  _OSMutexCreate
 02DB:1D7B idle  _OSMutexDel
 02DB:1ED5 idle  _OSMutexPend
 02DB:20C0 idle  _OSMutexPost
 02DB:2248 idle  _OSMutexQuery
 02DB:2363 idle  _OSQAccept
 02DB:2403 idle  _OSQCreate
 02DB:2526 idle  _OSQDel
 02DB:26A3 idle  _OSQFlush
 02DB:26FB idle  _OSQPend
 02DB:2841 idle  _OSQPost
 02DB:2909 idle  _OSQPostFront
 02DB:29CB idle  _OSQPostOpt
 02DB:2B09 idle  _OSQQuery
 02DB:2C44 idle  _OS_QInit
 02DB:2C94 idle  _OSSemAccept
 02DB:2CC6 idle  _OSSemCreate
 02DB:2D3A idle  _OSSemDel
 02DB:2E58 idle  _OSSemPend
 02DB:2F08 idle  _OSSemPost
 02DB:2F62 idle  _OSSemQuery
 02DB:304E idle  _OSTaskChangePrio
 02DB:321A       _OSTaskCreate
 02DB:32D7 idle  _OSTaskCreateExt
 02DB:33C7 idle  _OSTaskDel
 02DB:35A6 idle  _OSTaskDelReq
 02DB:3612 idle  _OSTaskResume
 02DB:3691 idle  _OSTaskStkChk
 02DB:3776 idle  _OSTaskSuspend
 02DB:3824 idle  _OSTaskQuery
 02DB:3892       _OSTimeDly
 02DB:38D9       _OSTimeDlyHMSM
 02DB:39C8 idle  _OSTimeDlyResume
 02DB:3A40       _OSTimeGet
 02DB:3A5F       _OSTimeSet
 0683:0000 idle  DATASEG@
 0683:005B idle  __Int0Vector
 0683:005F idle  __Int4Vector
 0683:0063 idle  __Int5Vector
 0683:0067 idle  __Int6Vector
 0683:006B idle  __C0argc
 0683:006D idle  __C0argv
 0683:0071 idle  __C0environ
 0683:0075 idle  __envLng
 0683:0077 idle  __envseg
 0683:0079 idle  __envSize
 0683:007B       __psp
 0683:007D idle  __osversion
 0683:007D idle  __osmajor
 0683:007D idle  __version
 0683:007E idle  __osminor
 0683:007F       _errno
 0683:0081 idle  __StartTime
 0683:0085 idle  ___brklvl
 0683:0087       __heapbase
 0683:008B       __brklvl
 0683:008F       __heaptop
 0683:00F4 idle  _OSMapTbl
 0683:00FC idle  _OSUnMapTbl
 0683:022A       __atexitcnt
 0683:022C       __exitbuf
 0683:0230 idle  __exitfopen
 0683:0234 idle  __exitopen
 0683:0238       __streams
 0683:03C8       __nfile
 0683:03CA       __openfd
 0683:03F2 idle  __doserrno
 0683:03F4 idle  __dosErrorToSV
 0683:044E       __stklen
 0683:04B8       __wscroll
 0683:04BA       __video
 0683:04C9       _directvideo
 0683:0506       __cFlag
 0683:0507       __cChar
 0683:050E       __RealCvtVector
 0683:0510 idle  __ScanTodVector
 0683:0522 idle  _Period_Args
 0683:0536 idle  _TaskStartStk
 0683:0936 idle  _TaskStk
 0683:1D36       _OSTickDOSCtr
 0683:1D38 idle  _PC_TickISR
 0683:1D54       _ISR_Mesg
 0683:2156       _OSTime
 0683:215A idle  _OSQTbl
 0683:224A idle  _OSQFreeList
 0683:224E idle  _OSMemTbl
 0683:2316 idle  _OSMemFreeList
 0683:231A idle  _OSTCBTbl
 0683:3111 idle  _OSTCBPrioTbl
 0683:3211 idle  _OSTCBList
 0683:3215       _OSTCBHighRdy
 0683:3219 idle  _OSTCBFreeList
 0683:321D       _OSTCBCur
 0683:3221 idle  _OSTaskIdleStk
 0683:3621 idle  _OSIdleCtr
 0683:3625 idle  _OSTaskCtr
 0683:3626       _OSRunning
 0683:3627 idle  _OSRdyTbl
 0683:362F idle  _OSRdyGrp
 0683:3630       _OSPrioHighRdy
 0683:3631       _OSPrioCur
 0683:3632 idle  _OSLockNesting
 0683:3633 idle  _OSIntExitY
 0683:3634       _OSIntNesting
 0683:3635 idle  _OSTaskStatStk
 0683:3A35 idle  _OSStatRdy
 0683:3A36 idle  _OSIdleCtrRun
 0683:3A3A idle  _OSIdleCtrMax
 0683:3A3E idle  _OSCPUUsage
 0683:3A3F idle  _OSFlagFreeList
 0683:3A43 idle  _OSFlagTbl
 0683:3A66 idle  _OSEventTbl
 0683:3B06 idle  _OSEventFreeList
 0683:3B0A       _OSCtxSwCtr
 0683:3B0E       __atexittbl

Program entry point at 0000:0000

